<?xml version="1.0" encoding="utf-8"?>
<TestRun id="4ce85a81-06a4-4d79-b573-2ff85cf862bd" name="Rolen@DESKTOP-C1UO3FR 2026-05-01 03:41:18" runUser="DESKTOP-C1UO3FR\Rolen" xmlns="http://microsoft.com/schemas/VisualStudio/TeamTest/2010">
  <Times creation="2026-05-01T03:41:18.1787556+08:00" queuing="2026-05-01T03:41:18.1787560+08:00" start="2026-05-01T03:41:13.8295426+08:00" finish="2026-05-01T03:41:19.1044502+08:00" />
  <TestSettings name="default" id="1a2f4785-d2dd-42c7-8680-21be246e9b2d">
    <Deployment runDeploymentRoot="Rolen_DESKTOP-C1UO3FR_2026-05-01_03_41_18" />
  </TestSettings>
  <Results>
    <UnitTestResult executionId="03d8ebc8-2360-436f-b85b-29a8e14b214b" testId="ef0c39ad-e05d-4e0f-b601-af34c65519dd" testName="SI360.GateRunner.Tests.DecisionPolicyTests.Decide_ReturnsGo_WhenScoreMeetsThresholdAndAllGatesGreen" computerName="DESKTOP-C1UO3FR" duration="00:00:00.0031460" startTime="2026-05-01T03:41:18.0938617+08:00" endTime="2026-05-01T03:41:18.0939816+08:00" testType="13cdc9d9-ddb5-4fa4-a97d-d965ccfc6d4b" outcome="Passed" testListId="8c84fa94-04c1-424b-9868-57a2d4851a1d" relativeResultsDirectory="03d8ebc8-2360-436f-b85b-29a8e14b214b" />
    <UnitTestResult executionId="5de415cf-d227-4c6f-9128-b4b926271711" testId="a9c81db0-9e6e-7165-c525-3e83dc3a9d57" testName="SI360.GateRunner.Tests.DecisionPolicyTests.Decide_ReturnsHold_WhenAllGatesGreenButScoreIsBelowGoThreshold" computerName="DESKTOP-C1UO3FR" duration="00:00:00.0003486" startTime="2026-05-01T03:41:18.0934189+08:00" endTime="2026-05-01T03:41:18.0935224+08:00" testType="13cdc9d9-ddb5-4fa4-a97d-d965ccfc6d4b" outcome="Passed" testListId="8c84fa94-04c1-424b-9868-57a2d4851a1d" relativeResultsDirectory="5de415cf-d227-4c6f-9128-b4b926271711" />
    <UnitTestResult executionId="86e713a1-4141-4e40-8c67-b940b78534ba" testId="65e32a25-058a-279e-02e5-30ebeed7e422" testName="SI360.GateRunner.Tests.SyntheticProbeRunnerTests.RunAsync_SkipsWhenProbeModeDisabled" computerName="DESKTOP-C1UO3FR" duration="00:00:00.0204901" startTime="2026-05-01T03:41:18.0601028+08:00" endTime="2026-05-01T03:41:18.0660479+08:00" testType="13cdc9d9-ddb5-4fa4-a97d-d965ccfc6d4b" outcome="Passed" testListId="8c84fa94-04c1-424b-9868-57a2d4851a1d" relativeResultsDirectory="86e713a1-4141-4e40-8c67-b940b78534ba" />
    <UnitTestResult executionId="ce757d0e-ba00-4355-8b69-daf97e2090df" testId="f75b1d4f-4e9b-9446-b76b-142d7f7137a2" testName="SI360.GateRunner.Tests.ProcessRunnerTests.RunAsync_ReportsTimeout" computerName="DESKTOP-C1UO3FR" duration="00:00:00.3856084" startTime="2026-05-01T03:41:18.3300182+08:00" endTime="2026-05-01T03:41:18.7166061+08:00" testType="13cdc9d9-ddb5-4fa4-a97d-d965ccfc6d4b" outcome="Passed" testListId="8c84fa94-04c1-424b-9868-57a2d4851a1d" relativeResultsDirectory="ce757d0e-ba00-4355-8b69-daf97e2090df" />
    <UnitTestResult executionId="f5111fb2-6fd3-480b-a4c1-bf8c8775d180" testId="a2bfa92d-2574-ce2e-6b44-8feb6afef1af" testName="SI360.GateRunner.Tests.ReportWriterTests.WriteAsync_ComparesNewRecurringAndResolvedFailures" computerName="DESKTOP-C1UO3FR" duration="00:00:00.4378641" startTime="2026-05-01T03:41:18.1170524+08:00" endTime="2026-05-01T03:41:18.5789708+08:00" testType="13cdc9d9-ddb5-4fa4-a97d-d965ccfc6d4b" outcome="Passed" testListId="8c84fa94-04c1-424b-9868-57a2d4851a1d" relativeResultsDirectory="f5111fb2-6fd3-480b-a4c1-bf8c8775d180" />
    <UnitTestResult executionId="189bc0ea-7019-4846-983d-a8ef85985d7c" testId="002d2d59-9e33-8304-f7f9-c80766298b80" testName="SI360.GateRunner.Tests.DeploymentMetadataValidatorTests.LoadAndValidate_ReadsMetadataFile" computerName="DESKTOP-C1UO3FR" duration="00:00:00.0818541" startTime="2026-05-01T03:41:18.1163705+08:00" endTime="2026-05-01T03:41:18.1480123+08:00" testType="13cdc9d9-ddb5-4fa4-a97d-d965ccfc6d4b" outcome="Passed" testListId="8c84fa94-04c1-424b-9868-57a2d4851a1d" relativeResultsDirectory="189bc0ea-7019-4846-983d-a8ef85985d7c" />
    <UnitTestResult executionId="ce93d7a5-8e1e-4c6f-a301-d88ead035139" testId="aefb7d5f-9507-8f36-af3a-192a4452d88b" testName="SI360.GateRunner.Tests.SyntheticProbeRunnerTests.RunAsync_ReportsProbeStatusAndRedactsEndpointDiagnostics" computerName="DESKTOP-C1UO3FR" duration="00:00:00.0433397" startTime="2026-05-01T03:41:18.0947022+08:00" endTime="2026-05-01T03:41:18.1165231+08:00" testType="13cdc9d9-ddb5-4fa4-a97d-d965ccfc6d4b" outcome="Passed" testListId="8c84fa94-04c1-424b-9868-57a2d4851a1d" relativeResultsDirectory="ce93d7a5-8e1e-4c6f-a301-d88ead035139" />
    <UnitTestResult executionId="2b9eec97-99bb-489e-bd52-57bf5ed775e9" testId="c1426626-f98b-4838-49b5-97cd2f2ae64d" testName="SI360.GateRunner.Tests.RunnerSettingsTests.ApplyEnvironmentVariables_OverridesNewConfigurationFields" computerName="DESKTOP-C1UO3FR" duration="00:00:00.0029194" startTime="2026-05-01T03:41:18.5201011+08:00" endTime="2026-05-01T03:41:18.5227801+08:00" testType="13cdc9d9-ddb5-4fa4-a97d-d965ccfc6d4b" outcome="Passed" testListId="8c84fa94-04c1-424b-9868-57a2d4851a1d" relativeResultsDirectory="2b9eec97-99bb-489e-bd52-57bf5ed775e9" />
    <UnitTestResult executionId="be6658eb-bfcd-4ac8-a987-0d4c3fab5785" testId="1e09913d-1be4-ea6f-4da3-bb82404330a6" testName="SI360.GateRunner.Tests.ReportWriterTests.WriteAsync_RedactsSecretsFromMarkdownAndJson" computerName="DESKTOP-C1UO3FR" duration="00:00:00.0450609" startTime="2026-05-01T03:41:18.7474485+08:00" endTime="2026-05-01T03:41:18.7827707+08:00" testType="13cdc9d9-ddb5-4fa4-a97d-d965ccfc6d4b" outcome="Passed" testListId="8c84fa94-04c1-424b-9868-57a2d4851a1d" relativeResultsDirectory="be6658eb-bfcd-4ac8-a987-0d4c3fab5785" />
    <UnitTestResult executionId="056c3bbc-46ec-4af6-9038-7d0e13331d28" testId="466bb025-5f29-c51c-5a36-4e140a2ce2cc" testName="SI360.GateRunner.Tests.RunnerSettingsTests.Validate_ReturnsActionableErrorsForInvalidConfiguration" computerName="DESKTOP-C1UO3FR" duration="00:00:00.0027738" startTime="2026-05-01T03:41:18.5169218+08:00" endTime="2026-05-01T03:41:18.5197191+08:00" testType="13cdc9d9-ddb5-4fa4-a97d-d965ccfc6d4b" outcome="Passed" testListId="8c84fa94-04c1-424b-9868-57a2d4851a1d" relativeResultsDirectory="056c3bbc-46ec-4af6-9038-7d0e13331d28" />
    <UnitTestResult executionId="566b2334-78c8-4d40-a4f1-956ad8da9a5b" testId="f115d62a-bf7f-b4ad-9271-495c2d158814" testName="SI360.GateRunner.Tests.DeploymentMetadataValidatorTests.Validate_AcceptsCompleteMetadata" computerName="DESKTOP-C1UO3FR" duration="00:00:00.0013944" startTime="2026-05-01T03:41:18.1489105+08:00" endTime="2026-05-01T03:41:18.1490663+08:00" testType="13cdc9d9-ddb5-4fa4-a97d-d965ccfc6d4b" outcome="Passed" testListId="8c84fa94-04c1-424b-9868-57a2d4851a1d" relativeResultsDirectory="566b2334-78c8-4d40-a4f1-956ad8da9a5b" />
    <UnitTestResult executionId="41daf4db-ce28-425a-8314-c562f701f835" testId="e5bcac40-2237-0d4e-c066-3acbc12fd55e" testName="SI360.GateRunner.Tests.SecretRedactorTests.ProcessRunner_RedactsLiveLogsAndArtifacts" computerName="DESKTOP-C1UO3FR" duration="00:00:00.4077782" startTime="2026-05-01T03:41:18.1881994+08:00" endTime="2026-05-01T03:41:18.6545711+08:00" testType="13cdc9d9-ddb5-4fa4-a97d-d965ccfc6d4b" outcome="Passed" testListId="8c84fa94-04c1-424b-9868-57a2d4851a1d" relativeResultsDirectory="41daf4db-ce28-425a-8314-c562f701f835" />
    <UnitTestResult executionId="e8fcc944-dad1-4ab9-968f-07ec46a4cc35" testId="b29d39a7-da59-f918-7964-800b7b5188f1" testName="SI360.GateRunner.Tests.GateRunnerCommandsTests.RestoreAsync_RestoresSolutionPath" computerName="DESKTOP-C1UO3FR" duration="00:00:00.0049587" startTime="2026-05-01T03:41:18.1712689+08:00" endTime="2026-05-01T03:41:18.1763090+08:00" testType="13cdc9d9-ddb5-4fa4-a97d-d965ccfc6d4b" outcome="Passed" testListId="8c84fa94-04c1-424b-9868-57a2d4851a1d" relativeResultsDirectory="e8fcc944-dad1-4ab9-968f-07ec46a4cc35" />
    <UnitTestResult executionId="db16fcf7-601b-486f-83d8-6c3638848153" testId="421d3f0a-c796-3398-1fa8-2b592e7d4f44" testName="SI360.GateRunner.Tests.ReportWriterTests.WriteAsync_IncludesDecisionPolicyAndCatalogWarnings" computerName="DESKTOP-C1UO3FR" duration="00:00:00.1746504" startTime="2026-05-01T03:41:18.7830964+08:00" endTime="2026-05-01T03:41:18.9621131+08:00" testType="13cdc9d9-ddb5-4fa4-a97d-d965ccfc6d4b" outcome="Passed" testListId="8c84fa94-04c1-424b-9868-57a2d4851a1d" relativeResultsDirectory="db16fcf7-601b-486f-83d8-6c3638848153" />
    <UnitTestResult executionId="e9a044d7-ad76-4b35-8c5e-02cd97a97db0" testId="28901983-af4e-1a8b-9905-8626dcfb5c69" testName="SI360.GateRunner.Tests.TrxResultParserTests.Parse_ReadsFailedTestDetailsFromTrx" computerName="DESKTOP-C1UO3FR" duration="00:00:00.0321704" startTime="2026-05-01T03:41:18.1382056+08:00" endTime="2026-05-01T03:41:18.1707628+08:00" testType="13cdc9d9-ddb5-4fa4-a97d-d965ccfc6d4b" outcome="Passed" testListId="8c84fa94-04c1-424b-9868-57a2d4851a1d" relativeResultsDirectory="e9a044d7-ad76-4b35-8c5e-02cd97a97db0" />
    <UnitTestResult executionId="09cf4af3-7671-40c0-8cea-4592785c6ab1" testId="25cf303c-61f7-2226-36d2-65731f09ebd4" testName="SI360.GateRunner.Tests.SecretRedactorTests.Redact_RemovesKnownSecretPatterns(input: &quot;Server=db;Password=super-secret-token;Database=SI3&quot;···)" computerName="DESKTOP-C1UO3FR" duration="00:00:00.0002886" startTime="2026-05-01T03:41:18.6560940+08:00" endTime="2026-05-01T03:41:18.6562466+08:00" testType="13cdc9d9-ddb5-4fa4-a97d-d965ccfc6d4b" outcome="Passed" testListId="8c84fa94-04c1-424b-9868-57a2d4851a1d" relativeResultsDirectory="09cf4af3-7671-40c0-8cea-4592785c6ab1" />
    <UnitTestResult executionId="f109fa40-2f36-40f6-8161-8fcfde8e1b40" testId="bd5ad49f-a308-db5a-14b2-50eb08819930" testName="SI360.GateRunner.Tests.DecisionPolicyTests.Decide_ReturnsHold_WhenScorePassesButAnyGateIsYellow" computerName="DESKTOP-C1UO3FR" duration="00:00:00.0268280" startTime="2026-05-01T03:41:18.0641728+08:00" endTime="2026-05-01T03:41:18.0926699+08:00" testType="13cdc9d9-ddb5-4fa4-a97d-d965ccfc6d4b" outcome="Passed" testListId="8c84fa94-04c1-424b-9868-57a2d4851a1d" relativeResultsDirectory="f109fa40-2f36-40f6-8161-8fcfde8e1b40" />
    <UnitTestResult executionId="0551e672-5e4a-4780-9c0e-ee6ec7c917ef" testId="d7dd4c99-154f-8ab6-56e0-8363e63caeb3" testName="SI360.GateRunner.Tests.DecisionPolicyTests.Decide_ReturnsNoGo_WhenBuildErrorsExist" computerName="DESKTOP-C1UO3FR" duration="00:00:00.0003869" startTime="2026-05-01T03:41:18.0957851+08:00" endTime="2026-05-01T03:41:18.0959003+08:00" testType="13cdc9d9-ddb5-4fa4-a97d-d965ccfc6d4b" outcome="Passed" testListId="8c84fa94-04c1-424b-9868-57a2d4851a1d" relativeResultsDirectory="0551e672-5e4a-4780-9c0e-ee6ec7c917ef" />
    <UnitTestResult executionId="aba5823c-e95c-40f0-8251-e2511e873d9b" testId="e17fca42-437a-68d1-0840-f851d75d6b14" testName="SI360.GateRunner.Tests.DeploymentMetadataValidatorTests.Validate_ReportsMalformedEndpointsAndIds" computerName="DESKTOP-C1UO3FR" duration="00:00:00.0009206" startTime="2026-05-01T03:41:18.1557121+08:00" endTime="2026-05-01T03:41:18.1563886+08:00" testType="13cdc9d9-ddb5-4fa4-a97d-d965ccfc6d4b" outcome="Passed" testListId="8c84fa94-04c1-424b-9868-57a2d4851a1d" relativeResultsDirectory="aba5823c-e95c-40f0-8251-e2511e873d9b" />
    <UnitTestResult executionId="1e43b905-56fc-472e-803e-21b70242127c" testId="3eced5d3-c4d0-10c3-4c77-64ca197d1417" testName="SI360.GateRunner.Tests.SecretRedactorTests.Redact_RemovesKnownSecretPatterns(input: &quot;api_key=super-secret-token&quot;)" computerName="DESKTOP-C1UO3FR" duration="00:00:00.0003032" startTime="2026-05-01T03:41:18.6552871+08:00" endTime="2026-05-01T03:41:18.6558194+08:00" testType="13cdc9d9-ddb5-4fa4-a97d-d965ccfc6d4b" outcome="Passed" testListId="8c84fa94-04c1-424b-9868-57a2d4851a1d" relativeResultsDirectory="1e43b905-56fc-472e-803e-21b70242127c" />
    <UnitTestResult executionId="dbcc9150-bb30-4277-b767-edd227429c39" testId="e00f6021-d598-de18-aede-4c9968af10d1" testName="SI360.GateRunner.Tests.DecisionPolicyTests.Decide_ReturnsNoGo_WhenAnyGateIsRed" computerName="DESKTOP-C1UO3FR" duration="00:00:00.0004736" startTime="2026-05-01T03:41:18.0953190+08:00" endTime="2026-05-01T03:41:18.0954405+08:00" testType="13cdc9d9-ddb5-4fa4-a97d-d965ccfc6d4b" outcome="Passed" testListId="8c84fa94-04c1-424b-9868-57a2d4851a1d" relativeResultsDirectory="dbcc9150-bb30-4277-b767-edd227429c39" />
    <UnitTestResult executionId="462b151f-132b-4c1e-a56d-883808249e1c" testId="a4c8932d-78f7-1711-ee84-337770195869" testName="SI360.GateRunner.Tests.GateRunnerCommandsTests.BuildAsync_BuildsSolutionWithoutRestore" computerName="DESKTOP-C1UO3FR" duration="00:00:00.0052486" startTime="2026-05-01T03:41:18.1826573+08:00" endTime="2026-05-01T03:41:18.1877335+08:00" testType="13cdc9d9-ddb5-4fa4-a97d-d965ccfc6d4b" outcome="Passed" testListId="8c84fa94-04c1-424b-9868-57a2d4851a1d" relativeResultsDirectory="462b151f-132b-4c1e-a56d-883808249e1c" />
    <UnitTestResult executionId="47b04475-6bde-439d-b290-100e7fa088c7" testId="3af1a18d-e042-ff91-90ee-7632bc4d2055" testName="SI360.GateRunner.Tests.RunnerSettingsTests.Discover_FindsSolutionTestProjectAndResultsDirectoryFromCandidateRoot" computerName="DESKTOP-C1UO3FR" duration="00:00:00.0059080" startTime="2026-05-01T03:41:18.5244287+08:00" endTime="2026-05-01T03:41:18.5288488+08:00" testType="13cdc9d9-ddb5-4fa4-a97d-d965ccfc6d4b" outcome="Passed" testListId="8c84fa94-04c1-424b-9868-57a2d4851a1d" relativeResultsDirectory="47b04475-6bde-439d-b290-100e7fa088c7" />
    <UnitTestResult executionId="2486c30b-f5b5-4812-86e4-2d1b19162dfc" testId="94da6005-2a68-71ff-fd76-cc8a31df085f" testName="SI360.GateRunner.Tests.ReportWriterTests.WriteAsync_IncludesRuntimeReadinessMetadataAndProbes" computerName="DESKTOP-C1UO3FR" duration="00:00:00.1542558" startTime="2026-05-01T03:41:18.5834713+08:00" endTime="2026-05-01T03:41:18.7367805+08:00" testType="13cdc9d9-ddb5-4fa4-a97d-d965ccfc6d4b" outcome="Passed" testListId="8c84fa94-04c1-424b-9868-57a2d4851a1d" relativeResultsDirectory="2486c30b-f5b5-4812-86e4-2d1b19162dfc" />
    <UnitTestResult executionId="682a23a7-9b24-4d8c-ab4b-ca1ac37de1ce" testId="b770f71d-0d0a-bca3-46f0-1672ace75254" testName="SI360.GateRunner.Tests.DeploymentMetadataValidatorTests.Validate_RejectsSecretValuesAndSecretLikeFields" computerName="DESKTOP-C1UO3FR" duration="00:00:00.0084409" startTime="2026-05-01T03:41:18.1493747+08:00" endTime="2026-05-01T03:41:18.1553665+08:00" testType="13cdc9d9-ddb5-4fa4-a97d-d965ccfc6d4b" outcome="Passed" testListId="8c84fa94-04c1-424b-9868-57a2d4851a1d" relativeResultsDirectory="682a23a7-9b24-4d8c-ab4b-ca1ac37de1ce" />
    <UnitTestResult executionId="021ef4d7-59de-49df-8d65-7adef922e111" testId="86a806c3-008c-3494-158c-33d60ef62ffc" testName="SI360.GateRunner.Tests.GateRunnerCommandsTests.Snapshot_MatchesCommandFactoryOutput" computerName="DESKTOP-C1UO3FR" duration="00:00:00.0058741" startTime="2026-05-01T03:41:18.1766766+08:00" endTime="2026-05-01T03:41:18.1822903+08:00" testType="13cdc9d9-ddb5-4fa4-a97d-d965ccfc6d4b" outcome="Passed" testListId="8c84fa94-04c1-424b-9868-57a2d4851a1d" relativeResultsDirectory="021ef4d7-59de-49df-8d65-7adef922e111" />
    <UnitTestResult executionId="70433315-68ae-47ff-9930-fd8687d2d1f2" testId="1b6b7928-b660-48f6-d5c7-ae81f2164e53" testName="SI360.GateRunner.Tests.GateCatalogDriftAnalyzerTests.Validate_ReportsCountDriftAndMissingEntries" computerName="DESKTOP-C1UO3FR" duration="00:00:00.0029968" startTime="2026-05-01T03:41:18.1568455+08:00" endTime="2026-05-01T03:41:18.1603725+08:00" testType="13cdc9d9-ddb5-4fa4-a97d-d965ccfc6d4b" outcome="Passed" testListId="8c84fa94-04c1-424b-9868-57a2d4851a1d" relativeResultsDirectory="70433315-68ae-47ff-9930-fd8687d2d1f2" />
    <UnitTestResult executionId="8d8ce487-3fec-480a-a7ae-093a9ff85972" testId="8f1b24f5-0753-b595-10ac-0efcdcd844e4" testName="SI360.GateRunner.Tests.GateCatalogDriftAnalyzerTests.DiscoverFromDirectory_FindsGateClassesAndCountsFactsAndTheories" computerName="DESKTOP-C1UO3FR" duration="00:00:00.0138670" startTime="2026-05-01T03:41:18.1683941+08:00" endTime="2026-05-01T03:41:18.1737529+08:00" testType="13cdc9d9-ddb5-4fa4-a97d-d965ccfc6d4b" outcome="Passed" testListId="8c84fa94-04c1-424b-9868-57a2d4851a1d" relativeResultsDirectory="8d8ce487-3fec-480a-a7ae-093a9ff85972" />
    <UnitTestResult executionId="2a6e27d1-fda3-4c13-a8d5-0790c707fa24" testId="a69cfc93-9ed5-bed5-5e18-045cad126d18" testName="SI360.GateRunner.Tests.ProcessRunnerTests.RunAsync_WritesArtifactsForCompletedProcess" computerName="DESKTOP-C1UO3FR" duration="00:00:00.2350932" startTime="2026-05-01T03:41:18.7191212+08:00" endTime="2026-05-01T03:41:18.9595183+08:00" testType="13cdc9d9-ddb5-4fa4-a97d-d965ccfc6d4b" outcome="Passed" testListId="8c84fa94-04c1-424b-9868-57a2d4851a1d" relativeResultsDirectory="2a6e27d1-fda3-4c13-a8d5-0790c707fa24" />
    <UnitTestResult executionId="2e131d8a-b31b-4e98-a313-47572263df42" testId="29114be5-55cd-6aa0-9e64-7c18eb5130ca" testName="SI360.GateRunner.Tests.SecretRedactorTests.Redact_RemovesKnownSecretPatterns(input: &quot;https://example.test/status?token=super-secret-tok&quot;···)" computerName="DESKTOP-C1UO3FR" duration="00:00:00.0000395" startTime="2026-05-01T03:41:18.6574988+08:00" endTime="2026-05-01T03:41:18.6576220+08:00" testType="13cdc9d9-ddb5-4fa4-a97d-d965ccfc6d4b" outcome="Passed" testListId="8c84fa94-04c1-424b-9868-57a2d4851a1d" relativeResultsDirectory="2e131d8a-b31b-4e98-a313-47572263df42" />
    <UnitTestResult executionId="37404cc1-e01f-4929-9365-8c8f41765f4d" testId="b99200d7-4624-dab8-0f77-52d1da46246f" testName="SI360.GateRunner.Tests.DecisionPolicyTests.Decide_ReturnsHold_WhenCatalogWarningsExist" computerName="DESKTOP-C1UO3FR" duration="00:00:00.0008927" startTime="2026-05-01T03:41:18.0948461+08:00" endTime="2026-05-01T03:41:18.0949640+08:00" testType="13cdc9d9-ddb5-4fa4-a97d-d965ccfc6d4b" outcome="Passed" testListId="8c84fa94-04c1-424b-9868-57a2d4851a1d" relativeResultsDirectory="37404cc1-e01f-4929-9365-8c8f41765f4d" />
    <UnitTestResult executionId="b7557a72-72f9-41ae-be6c-24c4f8ccea2e" testId="701eb8fd-0932-a6c0-aadb-5097e702b514" testName="SI360.GateRunner.Tests.SyntheticProbeRunnerTests.RunAsync_SkipsWhenMetadataInvalid" computerName="DESKTOP-C1UO3FR" duration="00:00:00.0045660" startTime="2026-05-01T03:41:18.0924963+08:00" endTime="2026-05-01T03:41:18.0940537+08:00" testType="13cdc9d9-ddb5-4fa4-a97d-d965ccfc6d4b" outcome="Passed" testListId="8c84fa94-04c1-424b-9868-57a2d4851a1d" relativeResultsDirectory="b7557a72-72f9-41ae-be6c-24c4f8ccea2e" />
    <UnitTestResult executionId="e3156278-0da0-473a-81e1-476b9fabb873" testId="bb197bcb-a685-15af-e079-6135eebd9628" testName="SI360.GateRunner.Tests.SecretRedactorTests.Redact_RemovesKnownSecretPatterns(input: &quot;Authorization: Bearer eyJhbGciOiJIUzI1NiJ9.secret&quot;)" computerName="DESKTOP-C1UO3FR" duration="00:00:00.0008044" startTime="2026-05-01T03:41:18.6565220+08:00" endTime="2026-05-01T03:41:18.6572111+08:00" testType="13cdc9d9-ddb5-4fa4-a97d-d965ccfc6d4b" outcome="Passed" testListId="8c84fa94-04c1-424b-9868-57a2d4851a1d" relativeResultsDirectory="e3156278-0da0-473a-81e1-476b9fabb873" />
    <UnitTestResult executionId="0d3d8bfd-9311-4aba-8250-2315ce4f5234" testId="1db434c8-2f2a-9853-7f17-6b29859693db" testName="SI360.GateRunner.Tests.DeploymentMetadataValidatorTests.Validate_ReportsMissingRequiredFields" computerName="DESKTOP-C1UO3FR" duration="00:00:00.0012070" startTime="2026-05-01T03:41:18.1484340+08:00" endTime="2026-05-01T03:41:18.1485515+08:00" testType="13cdc9d9-ddb5-4fa4-a97d-d965ccfc6d4b" outcome="Passed" testListId="8c84fa94-04c1-424b-9868-57a2d4851a1d" relativeResultsDirectory="0d3d8bfd-9311-4aba-8250-2315ce4f5234" />
  </Results>
  <TestDefinitions>
    <UnitTest name="SI360.GateRunner.Tests.GateRunnerCommandsTests.RestoreAsync_RestoresSolutionPath" storage="d:\gaterunner\si360.gaterunner.tests\bin\debug\net8.0-windows\si360.gaterunner.tests.dll" id="b29d39a7-da59-f918-7964-800b7b5188f1">
      <Execution id="e8fcc944-dad1-4ab9-968f-07ec46a4cc35" />
      <TestMethod codeBase="D:\GateRunner\SI360.GateRunner.Tests\bin\Debug\net8.0-windows\SI360.GateRunner.Tests.dll" adapterTypeName="executor://xunit/VsTestRunner3/netcore/" className="SI360.GateRunner.Tests.GateRunnerCommandsTests" name="RestoreAsync_RestoresSolutionPath" />
    </UnitTest>
    <UnitTest name="SI360.GateRunner.Tests.ReportWriterTests.WriteAsync_ComparesNewRecurringAndResolvedFailures" storage="d:\gaterunner\si360.gaterunner.tests\bin\debug\net8.0-windows\si360.gaterunner.tests.dll" id="a2bfa92d-2574-ce2e-6b44-8feb6afef1af">
      <Execution id="f5111fb2-6fd3-480b-a4c1-bf8c8775d180" />
      <TestMethod codeBase="D:\GateRunner\SI360.GateRunner.Tests\bin\Debug\net8.0-windows\SI360.GateRunner.Tests.dll" adapterTypeName="executor://xunit/VsTestRunner3/netcore/" className="SI360.GateRunner.Tests.ReportWriterTests" name="WriteAsync_ComparesNewRecurringAndResolvedFailures" />
    </UnitTest>
    <UnitTest name="SI360.GateRunner.Tests.SecretRedactorTests.Redact_RemovesKnownSecretPatterns(input: &quot;Authorization: Bearer eyJhbGciOiJIUzI1NiJ9.secret&quot;)" storage="d:\gaterunner\si360.gaterunner.tests\bin\debug\net8.0-windows\si360.gaterunner.tests.dll" id="bb197bcb-a685-15af-e079-6135eebd9628">
      <Execution id="e3156278-0da0-473a-81e1-476b9fabb873" />
      <TestMethod codeBase="D:\GateRunner\SI360.GateRunner.Tests\bin\Debug\net8.0-windows\SI360.GateRunner.Tests.dll" adapterTypeName="executor://xunit/VsTestRunner3/netcore/" className="SI360.GateRunner.Tests.SecretRedactorTests" name="Redact_RemovesKnownSecretPatterns" />
    </UnitTest>
    <UnitTest name="SI360.GateRunner.Tests.DeploymentMetadataValidatorTests.Validate_AcceptsCompleteMetadata" storage="d:\gaterunner\si360.gaterunner.tests\bin\debug\net8.0-windows\si360.gaterunner.tests.dll" id="f115d62a-bf7f-b4ad-9271-495c2d158814">
      <Execution id="566b2334-78c8-4d40-a4f1-956ad8da9a5b" />
      <TestMethod codeBase="D:\GateRunner\SI360.GateRunner.Tests\bin\Debug\net8.0-windows\SI360.GateRunner.Tests.dll" adapterTypeName="executor://xunit/VsTestRunner3/netcore/" className="SI360.GateRunner.Tests.DeploymentMetadataValidatorTests" name="Validate_AcceptsCompleteMetadata" />
    </UnitTest>
    <UnitTest name="SI360.GateRunner.Tests.ReportWriterTests.WriteAsync_IncludesDecisionPolicyAndCatalogWarnings" storage="d:\gaterunner\si360.gaterunner.tests\bin\debug\net8.0-windows\si360.gaterunner.tests.dll" id="421d3f0a-c796-3398-1fa8-2b592e7d4f44">
      <Execution id="db16fcf7-601b-486f-83d8-6c3638848153" />
      <TestMethod codeBase="D:\GateRunner\SI360.GateRunner.Tests\bin\Debug\net8.0-windows\SI360.GateRunner.Tests.dll" adapterTypeName="executor://xunit/VsTestRunner3/netcore/" className="SI360.GateRunner.Tests.ReportWriterTests" name="WriteAsync_IncludesDecisionPolicyAndCatalogWarnings" />
    </UnitTest>
    <UnitTest name="SI360.GateRunner.Tests.SyntheticProbeRunnerTests.RunAsync_SkipsWhenProbeModeDisabled" storage="d:\gaterunner\si360.gaterunner.tests\bin\debug\net8.0-windows\si360.gaterunner.tests.dll" id="65e32a25-058a-279e-02e5-30ebeed7e422">
      <Execution id="86e713a1-4141-4e40-8c67-b940b78534ba" />
      <TestMethod codeBase="D:\GateRunner\SI360.GateRunner.Tests\bin\Debug\net8.0-windows\SI360.GateRunner.Tests.dll" adapterTypeName="executor://xunit/VsTestRunner3/netcore/" className="SI360.GateRunner.Tests.SyntheticProbeRunnerTests" name="RunAsync_SkipsWhenProbeModeDisabled" />
    </UnitTest>
    <UnitTest name="SI360.GateRunner.Tests.ProcessRunnerTests.RunAsync_ReportsTimeout" storage="d:\gaterunner\si360.gaterunner.tests\bin\debug\net8.0-windows\si360.gaterunner.tests.dll" id="f75b1d4f-4e9b-9446-b76b-142d7f7137a2">
      <Execution id="ce757d0e-ba00-4355-8b69-daf97e2090df" />
      <TestMethod codeBase="D:\GateRunner\SI360.GateRunner.Tests\bin\Debug\net8.0-windows\SI360.GateRunner.Tests.dll" adapterTypeName="executor://xunit/VsTestRunner3/netcore/" className="SI360.GateRunner.Tests.ProcessRunnerTests" name="RunAsync_ReportsTimeout" />
    </UnitTest>
    <UnitTest name="SI360.GateRunner.Tests.SecretRedactorTests.Redact_RemovesKnownSecretPatterns(input: &quot;https://example.test/status?token=super-secret-tok&quot;···)" storage="d:\gaterunner\si360.gaterunner.tests\bin\debug\net8.0-windows\si360.gaterunner.tests.dll" id="29114be5-55cd-6aa0-9e64-7c18eb5130ca">
      <Execution id="2e131d8a-b31b-4e98-a313-47572263df42" />
      <TestMethod codeBase="D:\GateRunner\SI360.GateRunner.Tests\bin\Debug\net8.0-windows\SI360.GateRunner.Tests.dll" adapterTypeName="executor://xunit/VsTestRunner3/netcore/" className="SI360.GateRunner.Tests.SecretRedactorTests" name="Redact_RemovesKnownSecretPatterns" />
    </UnitTest>
    <UnitTest name="SI360.GateRunner.Tests.DecisionPolicyTests.Decide_ReturnsNoGo_WhenBuildErrorsExist" storage="d:\gaterunner\si360.gaterunner.tests\bin\debug\net8.0-windows\si360.gaterunner.tests.dll" id="d7dd4c99-154f-8ab6-56e0-8363e63caeb3">
      <Execution id="0551e672-5e4a-4780-9c0e-ee6ec7c917ef" />
      <TestMethod codeBase="D:\GateRunner\SI360.GateRunner.Tests\bin\Debug\net8.0-windows\SI360.GateRunner.Tests.dll" adapterTypeName="executor://xunit/VsTestRunner3/netcore/" className="SI360.GateRunner.Tests.DecisionPolicyTests" name="Decide_ReturnsNoGo_WhenBuildErrorsExist" />
    </UnitTest>
    <UnitTest name="SI360.GateRunner.Tests.SyntheticProbeRunnerTests.RunAsync_ReportsProbeStatusAndRedactsEndpointDiagnostics" storage="d:\gaterunner\si360.gaterunner.tests\bin\debug\net8.0-windows\si360.gaterunner.tests.dll" id="aefb7d5f-9507-8f36-af3a-192a4452d88b">
      <Execution id="ce93d7a5-8e1e-4c6f-a301-d88ead035139" />
      <TestMethod codeBase="D:\GateRunner\SI360.GateRunner.Tests\bin\Debug\net8.0-windows\SI360.GateRunner.Tests.dll" adapterTypeName="executor://xunit/VsTestRunner3/netcore/" className="SI360.GateRunner.Tests.SyntheticProbeRunnerTests" name="RunAsync_ReportsProbeStatusAndRedactsEndpointDiagnostics" />
    </UnitTest>
    <UnitTest name="SI360.GateRunner.Tests.GateCatalogDriftAnalyzerTests.Validate_ReportsCountDriftAndMissingEntries" storage="d:\gaterunner\si360.gaterunner.tests\bin\debug\net8.0-windows\si360.gaterunner.tests.dll" id="1b6b7928-b660-48f6-d5c7-ae81f2164e53">
      <Execution id="70433315-68ae-47ff-9930-fd8687d2d1f2" />
      <TestMethod codeBase="D:\GateRunner\SI360.GateRunner.Tests\bin\Debug\net8.0-windows\SI360.GateRunner.Tests.dll" adapterTypeName="executor://xunit/VsTestRunner3/netcore/" className="SI360.GateRunner.Tests.GateCatalogDriftAnalyzerTests" name="Validate_ReportsCountDriftAndMissingEntries" />
    </UnitTest>
    <UnitTest name="SI360.GateRunner.Tests.RunnerSettingsTests.Discover_FindsSolutionTestProjectAndResultsDirectoryFromCandidateRoot" storage="d:\gaterunner\si360.gaterunner.tests\bin\debug\net8.0-windows\si360.gaterunner.tests.dll" id="3af1a18d-e042-ff91-90ee-7632bc4d2055">
      <Execution id="47b04475-6bde-439d-b290-100e7fa088c7" />
      <TestMethod codeBase="D:\GateRunner\SI360.GateRunner.Tests\bin\Debug\net8.0-windows\SI360.GateRunner.Tests.dll" adapterTypeName="executor://xunit/VsTestRunner3/netcore/" className="SI360.GateRunner.Tests.RunnerSettingsTests" name="Discover_FindsSolutionTestProjectAndResultsDirectoryFromCandidateRoot" />
    </UnitTest>
    <UnitTest name="SI360.GateRunner.Tests.DecisionPolicyTests.Decide_ReturnsGo_WhenScoreMeetsThresholdAndAllGatesGreen" storage="d:\gaterunner\si360.gaterunner.tests\bin\debug\net8.0-windows\si360.gaterunner.tests.dll" id="ef0c39ad-e05d-4e0f-b601-af34c65519dd">
      <Execution id="03d8ebc8-2360-436f-b85b-29a8e14b214b" />
      <TestMethod codeBase="D:\GateRunner\SI360.GateRunner.Tests\bin\Debug\net8.0-windows\SI360.GateRunner.Tests.dll" adapterTypeName="executor://xunit/VsTestRunner3/netcore/" className="SI360.GateRunner.Tests.DecisionPolicyTests" name="Decide_ReturnsGo_WhenScoreMeetsThresholdAndAllGatesGreen" />
    </UnitTest>
    <UnitTest name="SI360.GateRunner.Tests.DeploymentMetadataValidatorTests.Validate_ReportsMalformedEndpointsAndIds" storage="d:\gaterunner\si360.gaterunner.tests\bin\debug\net8.0-windows\si360.gaterunner.tests.dll" id="e17fca42-437a-68d1-0840-f851d75d6b14">
      <Execution id="aba5823c-e95c-40f0-8251-e2511e873d9b" />
      <TestMethod codeBase="D:\GateRunner\SI360.GateRunner.Tests\bin\Debug\net8.0-windows\SI360.GateRunner.Tests.dll" adapterTypeName="executor://xunit/VsTestRunner3/netcore/" className="SI360.GateRunner.Tests.DeploymentMetadataValidatorTests" name="Validate_ReportsMalformedEndpointsAndIds" />
    </UnitTest>
    <UnitTest name="SI360.GateRunner.Tests.GateCatalogDriftAnalyzerTests.DiscoverFromDirectory_FindsGateClassesAndCountsFactsAndTheories" storage="d:\gaterunner\si360.gaterunner.tests\bin\debug\net8.0-windows\si360.gaterunner.tests.dll" id="8f1b24f5-0753-b595-10ac-0efcdcd844e4">
      <Execution id="8d8ce487-3fec-480a-a7ae-093a9ff85972" />
      <TestMethod codeBase="D:\GateRunner\SI360.GateRunner.Tests\bin\Debug\net8.0-windows\SI360.GateRunner.Tests.dll" adapterTypeName="executor://xunit/VsTestRunner3/netcore/" className="SI360.GateRunner.Tests.GateCatalogDriftAnalyzerTests" name="DiscoverFromDirectory_FindsGateClassesAndCountsFactsAndTheories" />
    </UnitTest>
    <UnitTest name="SI360.GateRunner.Tests.DecisionPolicyTests.Decide_ReturnsNoGo_WhenAnyGateIsRed" storage="d:\gaterunner\si360.gaterunner.tests\bin\debug\net8.0-windows\si360.gaterunner.tests.dll" id="e00f6021-d598-de18-aede-4c9968af10d1">
      <Execution id="dbcc9150-bb30-4277-b767-edd227429c39" />
      <TestMethod codeBase="D:\GateRunner\SI360.GateRunner.Tests\bin\Debug\net8.0-windows\SI360.GateRunner.Tests.dll" adapterTypeName="executor://xunit/VsTestRunner3/netcore/" className="SI360.GateRunner.Tests.DecisionPolicyTests" name="Decide_ReturnsNoGo_WhenAnyGateIsRed" />
    </UnitTest>
    <UnitTest name="SI360.GateRunner.Tests.SecretRedactorTests.Redact_RemovesKnownSecretPatterns(input: &quot;api_key=super-secret-token&quot;)" storage="d:\gaterunner\si360.gaterunner.tests\bin\debug\net8.0-windows\si360.gaterunner.tests.dll" id="3eced5d3-c4d0-10c3-4c77-64ca197d1417">
      <Execution id="1e43b905-56fc-472e-803e-21b70242127c" />
      <TestMethod codeBase="D:\GateRunner\SI360.GateRunner.Tests\bin\Debug\net8.0-windows\SI360.GateRunner.Tests.dll" adapterTypeName="executor://xunit/VsTestRunner3/netcore/" className="SI360.GateRunner.Tests.SecretRedactorTests" name="Redact_RemovesKnownSecretPatterns" />
    </UnitTest>
    <UnitTest name="SI360.GateRunner.Tests.DecisionPolicyTests.Decide_ReturnsHold_WhenAllGatesGreenButScoreIsBelowGoThreshold" storage="d:\gaterunner\si360.gaterunner.tests\bin\debug\net8.0-windows\si360.gaterunner.tests.dll" id="a9c81db0-9e6e-7165-c525-3e83dc3a9d57">
      <Execution id="5de415cf-d227-4c6f-9128-b4b926271711" />
      <TestMethod codeBase="D:\GateRunner\SI360.GateRunner.Tests\bin\Debug\net8.0-windows\SI360.GateRunner.Tests.dll" adapterTypeName="executor://xunit/VsTestRunner3/netcore/" className="SI360.GateRunner.Tests.DecisionPolicyTests" name="Decide_ReturnsHold_WhenAllGatesGreenButScoreIsBelowGoThreshold" />
    </UnitTest>
    <UnitTest name="SI360.GateRunner.Tests.RunnerSettingsTests.Validate_ReturnsActionableErrorsForInvalidConfiguration" storage="d:\gaterunner\si360.gaterunner.tests\bin\debug\net8.0-windows\si360.gaterunner.tests.dll" id="466bb025-5f29-c51c-5a36-4e140a2ce2cc">
      <Execution id="056c3bbc-46ec-4af6-9038-7d0e13331d28" />
      <TestMethod codeBase="D:\GateRunner\SI360.GateRunner.Tests\bin\Debug\net8.0-windows\SI360.GateRunner.Tests.dll" adapterTypeName="executor://xunit/VsTestRunner3/netcore/" className="SI360.GateRunner.Tests.RunnerSettingsTests" name="Validate_ReturnsActionableErrorsForInvalidConfiguration" />
    </UnitTest>
    <UnitTest name="SI360.GateRunner.Tests.RunnerSettingsTests.ApplyEnvironmentVariables_OverridesNewConfigurationFields" storage="d:\gaterunner\si360.gaterunner.tests\bin\debug\net8.0-windows\si360.gaterunner.tests.dll" id="c1426626-f98b-4838-49b5-97cd2f2ae64d">
      <Execution id="2b9eec97-99bb-489e-bd52-57bf5ed775e9" />
      <TestMethod codeBase="D:\GateRunner\SI360.GateRunner.Tests\bin\Debug\net8.0-windows\SI360.GateRunner.Tests.dll" adapterTypeName="executor://xunit/VsTestRunner3/netcore/" className="SI360.GateRunner.Tests.RunnerSettingsTests" name="ApplyEnvironmentVariables_OverridesNewConfigurationFields" />
    </UnitTest>
    <UnitTest name="SI360.GateRunner.Tests.TrxResultParserTests.Parse_ReadsFailedTestDetailsFromTrx" storage="d:\gaterunner\si360.gaterunner.tests\bin\debug\net8.0-windows\si360.gaterunner.tests.dll" id="28901983-af4e-1a8b-9905-8626dcfb5c69">
      <Execution id="e9a044d7-ad76-4b35-8c5e-02cd97a97db0" />
      <TestMethod codeBase="D:\GateRunner\SI360.GateRunner.Tests\bin\Debug\net8.0-windows\SI360.GateRunner.Tests.dll" adapterTypeName="executor://xunit/VsTestRunner3/netcore/" className="SI360.GateRunner.Tests.TrxResultParserTests" name="Parse_ReadsFailedTestDetailsFromTrx" />
    </UnitTest>
    <UnitTest name="SI360.GateRunner.Tests.SyntheticProbeRunnerTests.RunAsync_SkipsWhenMetadataInvalid" storage="d:\gaterunner\si360.gaterunner.tests\bin\debug\net8.0-windows\si360.gaterunner.tests.dll" id="701eb8fd-0932-a6c0-aadb-5097e702b514">
      <Execution id="b7557a72-72f9-41ae-be6c-24c4f8ccea2e" />
      <TestMethod codeBase="D:\GateRunner\SI360.GateRunner.Tests\bin\Debug\net8.0-windows\SI360.GateRunner.Tests.dll" adapterTypeName="executor://xunit/VsTestRunner3/netcore/" className="SI360.GateRunner.Tests.SyntheticProbeRunnerTests" name="RunAsync_SkipsWhenMetadataInvalid" />
    </UnitTest>
    <UnitTest name="SI360.GateRunner.Tests.SecretRedactorTests.Redact_RemovesKnownSecretPatterns(input: &quot;Server=db;Password=super-secret-token;Database=SI3&quot;···)" storage="d:\gaterunner\si360.gaterunner.tests\bin\debug\net8.0-windows\si360.gaterunner.tests.dll" id="25cf303c-61f7-2226-36d2-65731f09ebd4">
      <Execution id="09cf4af3-7671-40c0-8cea-4592785c6ab1" />
      <TestMethod codeBase="D:\GateRunner\SI360.GateRunner.Tests\bin\Debug\net8.0-windows\SI360.GateRunner.Tests.dll" adapterTypeName="executor://xunit/VsTestRunner3/netcore/" className="SI360.GateRunner.Tests.SecretRedactorTests" name="Redact_RemovesKnownSecretPatterns" />
    </UnitTest>
    <UnitTest name="SI360.GateRunner.Tests.DeploymentMetadataValidatorTests.Validate_ReportsMissingRequiredFields" storage="d:\gaterunner\si360.gaterunner.tests\bin\debug\net8.0-windows\si360.gaterunner.tests.dll" id="1db434c8-2f2a-9853-7f17-6b29859693db">
      <Execution id="0d3d8bfd-9311-4aba-8250-2315ce4f5234" />
      <TestMethod codeBase="D:\GateRunner\SI360.GateRunner.Tests\bin\Debug\net8.0-windows\SI360.GateRunner.Tests.dll" adapterTypeName="executor://xunit/VsTestRunner3/netcore/" className="SI360.GateRunner.Tests.DeploymentMetadataValidatorTests" name="Validate_ReportsMissingRequiredFields" />
    </UnitTest>
    <UnitTest name="SI360.GateRunner.Tests.DecisionPolicyTests.Decide_ReturnsHold_WhenCatalogWarningsExist" storage="d:\gaterunner\si360.gaterunner.tests\bin\debug\net8.0-windows\si360.gaterunner.tests.dll" id="b99200d7-4624-dab8-0f77-52d1da46246f">
      <Execution id="37404cc1-e01f-4929-9365-8c8f41765f4d" />
      <TestMethod codeBase="D:\GateRunner\SI360.GateRunner.Tests\bin\Debug\net8.0-windows\SI360.GateRunner.Tests.dll" adapterTypeName="executor://xunit/VsTestRunner3/netcore/" className="SI360.GateRunner.Tests.DecisionPolicyTests" name="Decide_ReturnsHold_WhenCatalogWarningsExist" />
    </UnitTest>
    <UnitTest name="SI360.GateRunner.Tests.SecretRedactorTests.ProcessRunner_RedactsLiveLogsAndArtifacts" storage="d:\gaterunner\si360.gaterunner.tests\bin\debug\net8.0-windows\si360.gaterunner.tests.dll" id="e5bcac40-2237-0d4e-c066-3acbc12fd55e">
      <Execution id="41daf4db-ce28-425a-8314-c562f701f835" />
      <TestMethod codeBase="D:\GateRunner\SI360.GateRunner.Tests\bin\Debug\net8.0-windows\SI360.GateRunner.Tests.dll" adapterTypeName="executor://xunit/VsTestRunner3/netcore/" className="SI360.GateRunner.Tests.SecretRedactorTests" name="ProcessRunner_RedactsLiveLogsAndArtifacts" />
    </UnitTest>
    <UnitTest name="SI360.GateRunner.Tests.ReportWriterTests.WriteAsync_IncludesRuntimeReadinessMetadataAndProbes" storage="d:\gaterunner\si360.gaterunner.tests\bin\debug\net8.0-windows\si360.gaterunner.tests.dll" id="94da6005-2a68-71ff-fd76-cc8a31df085f">
      <Execution id="2486c30b-f5b5-4812-86e4-2d1b19162dfc" />
      <TestMethod codeBase="D:\GateRunner\SI360.GateRunner.Tests\bin\Debug\net8.0-windows\SI360.GateRunner.Tests.dll" adapterTypeName="executor://xunit/VsTestRunner3/netcore/" className="SI360.GateRunner.Tests.ReportWriterTests" name="WriteAsync_IncludesRuntimeReadinessMetadataAndProbes" />
    </UnitTest>
    <UnitTest name="SI360.GateRunner.Tests.ProcessRunnerTests.RunAsync_WritesArtifactsForCompletedProcess" storage="d:\gaterunner\si360.gaterunner.tests\bin\debug\net8.0-windows\si360.gaterunner.tests.dll" id="a69cfc93-9ed5-bed5-5e18-045cad126d18">
      <Execution id="2a6e27d1-fda3-4c13-a8d5-0790c707fa24" />
      <TestMethod codeBase="D:\GateRunner\SI360.GateRunner.Tests\bin\Debug\net8.0-windows\SI360.GateRunner.Tests.dll" adapterTypeName="executor://xunit/VsTestRunner3/netcore/" className="SI360.GateRunner.Tests.ProcessRunnerTests" name="RunAsync_WritesArtifactsForCompletedProcess" />
    </UnitTest>
    <UnitTest name="SI360.GateRunner.Tests.ReportWriterTests.WriteAsync_RedactsSecretsFromMarkdownAndJson" storage="d:\gaterunner\si360.gaterunner.tests\bin\debug\net8.0-windows\si360.gaterunner.tests.dll" id="1e09913d-1be4-ea6f-4da3-bb82404330a6">
      <Execution id="be6658eb-bfcd-4ac8-a987-0d4c3fab5785" />
      <TestMethod codeBase="D:\GateRunner\SI360.GateRunner.Tests\bin\Debug\net8.0-windows\SI360.GateRunner.Tests.dll" adapterTypeName="executor://xunit/VsTestRunner3/netcore/" className="SI360.GateRunner.Tests.ReportWriterTests" name="WriteAsync_RedactsSecretsFromMarkdownAndJson" />
    </UnitTest>
    <UnitTest name="SI360.GateRunner.Tests.DeploymentMetadataValidatorTests.Validate_RejectsSecretValuesAndSecretLikeFields" storage="d:\gaterunner\si360.gaterunner.tests\bin\debug\net8.0-windows\si360.gaterunner.tests.dll" id="b770f71d-0d0a-bca3-46f0-1672ace75254">
      <Execution id="682a23a7-9b24-4d8c-ab4b-ca1ac37de1ce" />
      <TestMethod codeBase="D:\GateRunner\SI360.GateRunner.Tests\bin\Debug\net8.0-windows\SI360.GateRunner.Tests.dll" adapterTypeName="executor://xunit/VsTestRunner3/netcore/" className="SI360.GateRunner.Tests.DeploymentMetadataValidatorTests" name="Validate_RejectsSecretValuesAndSecretLikeFields" />
    </UnitTest>
    <UnitTest name="SI360.GateRunner.Tests.DeploymentMetadataValidatorTests.LoadAndValidate_ReadsMetadataFile" storage="d:\gaterunner\si360.gaterunner.tests\bin\debug\net8.0-windows\si360.gaterunner.tests.dll" id="002d2d59-9e33-8304-f7f9-c80766298b80">
      <Execution id="189bc0ea-7019-4846-983d-a8ef85985d7c" />
      <TestMethod codeBase="D:\GateRunner\SI360.GateRunner.Tests\bin\Debug\net8.0-windows\SI360.GateRunner.Tests.dll" adapterTypeName="executor://xunit/VsTestRunner3/netcore/" className="SI360.GateRunner.Tests.DeploymentMetadataValidatorTests" name="LoadAndValidate_ReadsMetadataFile" />
    </UnitTest>
    <UnitTest name="SI360.GateRunner.Tests.DecisionPolicyTests.Decide_ReturnsHold_WhenScorePassesButAnyGateIsYellow" storage="d:\gaterunner\si360.gaterunner.tests\bin\debug\net8.0-windows\si360.gaterunner.tests.dll" id="bd5ad49f-a308-db5a-14b2-50eb08819930">
      <Execution id="f109fa40-2f36-40f6-8161-8fcfde8e1b40" />
      <TestMethod codeBase="D:\GateRunner\SI360.GateRunner.Tests\bin\Debug\net8.0-windows\SI360.GateRunner.Tests.dll" adapterTypeName="executor://xunit/VsTestRunner3/netcore/" className="SI360.GateRunner.Tests.DecisionPolicyTests" name="Decide_ReturnsHold_WhenScorePassesButAnyGateIsYellow" />
    </UnitTest>
    <UnitTest name="SI360.GateRunner.Tests.GateRunnerCommandsTests.BuildAsync_BuildsSolutionWithoutRestore" storage="d:\gaterunner\si360.gaterunner.tests\bin\debug\net8.0-windows\si360.gaterunner.tests.dll" id="a4c8932d-78f7-1711-ee84-337770195869">
      <Execution id="462b151f-132b-4c1e-a56d-883808249e1c" />
      <TestMethod codeBase="D:\GateRunner\SI360.GateRunner.Tests\bin\Debug\net8.0-windows\SI360.GateRunner.Tests.dll" adapterTypeName="executor://xunit/VsTestRunner3/netcore/" className="SI360.GateRunner.Tests.GateRunnerCommandsTests" name="BuildAsync_BuildsSolutionWithoutRestore" />
    </UnitTest>
    <UnitTest name="SI360.GateRunner.Tests.GateRunnerCommandsTests.Snapshot_MatchesCommandFactoryOutput" storage="d:\gaterunner\si360.gaterunner.tests\bin\debug\net8.0-windows\si360.gaterunner.tests.dll" id="86a806c3-008c-3494-158c-33d60ef62ffc">
      <Execution id="021ef4d7-59de-49df-8d65-7adef922e111" />
      <TestMethod codeBase="D:\GateRunner\SI360.GateRunner.Tests\bin\Debug\net8.0-windows\SI360.GateRunner.Tests.dll" adapterTypeName="executor://xunit/VsTestRunner3/netcore/" className="SI360.GateRunner.Tests.GateRunnerCommandsTests" name="Snapshot_MatchesCommandFactoryOutput" />
    </UnitTest>
  </TestDefinitions>
  <TestEntries>
    <TestEntry testId="ef0c39ad-e05d-4e0f-b601-af34c65519dd" executionId="03d8ebc8-2360-436f-b85b-29a8e14b214b" testListId="8c84fa94-04c1-424b-9868-57a2d4851a1d" />
    <TestEntry testId="a9c81db0-9e6e-7165-c525-3e83dc3a9d57" executionId="5de415cf-d227-4c6f-9128-b4b926271711" testListId="8c84fa94-04c1-424b-9868-57a2d4851a1d" />
    <TestEntry testId="65e32a25-058a-279e-02e5-30ebeed7e422" executionId="86e713a1-4141-4e40-8c67-b940b78534ba" testListId="8c84fa94-04c1-424b-9868-57a2d4851a1d" />
    <TestEntry testId="f75b1d4f-4e9b-9446-b76b-142d7f7137a2" executionId="ce757d0e-ba00-4355-8b69-daf97e2090df" testListId="8c84fa94-04c1-424b-9868-57a2d4851a1d" />
    <TestEntry testId="a2bfa92d-2574-ce2e-6b44-8feb6afef1af" executionId="f5111fb2-6fd3-480b-a4c1-bf8c8775d180" testListId="8c84fa94-04c1-424b-9868-57a2d4851a1d" />
    <TestEntry testId="002d2d59-9e33-8304-f7f9-c80766298b80" executionId="189bc0ea-7019-4846-983d-a8ef85985d7c" testListId="8c84fa94-04c1-424b-9868-57a2d4851a1d" />
    <TestEntry testId="aefb7d5f-9507-8f36-af3a-192a4452d88b" executionId="ce93d7a5-8e1e-4c6f-a301-d88ead035139" testListId="8c84fa94-04c1-424b-9868-57a2d4851a1d" />
    <TestEntry testId="c1426626-f98b-4838-49b5-97cd2f2ae64d" executionId="2b9eec97-99bb-489e-bd52-57bf5ed775e9" testListId="8c84fa94-04c1-424b-9868-57a2d4851a1d" />
    <TestEntry testId="1e09913d-1be4-ea6f-4da3-bb82404330a6" executionId="be6658eb-bfcd-4ac8-a987-0d4c3fab5785" testListId="8c84fa94-04c1-424b-9868-57a2d4851a1d" />
    <TestEntry testId="466bb025-5f29-c51c-5a36-4e140a2ce2cc" executionId="056c3bbc-46ec-4af6-9038-7d0e13331d28" testListId="8c84fa94-04c1-424b-9868-57a2d4851a1d" />
    <TestEntry testId="f115d62a-bf7f-b4ad-9271-495c2d158814" executionId="566b2334-78c8-4d40-a4f1-956ad8da9a5b" testListId="8c84fa94-04c1-424b-9868-57a2d4851a1d" />
    <TestEntry testId="e5bcac40-2237-0d4e-c066-3acbc12fd55e" executionId="41daf4db-ce28-425a-8314-c562f701f835" testListId="8c84fa94-04c1-424b-9868-57a2d4851a1d" />
    <TestEntry testId="b29d39a7-da59-f918-7964-800b7b5188f1" executionId="e8fcc944-dad1-4ab9-968f-07ec46a4cc35" testListId="8c84fa94-04c1-424b-9868-57a2d4851a1d" />
    <TestEntry testId="421d3f0a-c796-3398-1fa8-2b592e7d4f44" executionId="db16fcf7-601b-486f-83d8-6c3638848153" testListId="8c84fa94-04c1-424b-9868-57a2d4851a1d" />
    <TestEntry testId="28901983-af4e-1a8b-9905-8626dcfb5c69" executionId="e9a044d7-ad76-4b35-8c5e-02cd97a97db0" testListId="8c84fa94-04c1-424b-9868-57a2d4851a1d" />
    <TestEntry testId="25cf303c-61f7-2226-36d2-65731f09ebd4" executionId="09cf4af3-7671-40c0-8cea-4592785c6ab1" testListId="8c84fa94-04c1-424b-9868-57a2d4851a1d" />
    <TestEntry testId="bd5ad49f-a308-db5a-14b2-50eb08819930" executionId="f109fa40-2f36-40f6-8161-8fcfde8e1b40" testListId="8c84fa94-04c1-424b-9868-57a2d4851a1d" />
    <TestEntry testId="d7dd4c99-154f-8ab6-56e0-8363e63caeb3" executionId="0551e672-5e4a-4780-9c0e-ee6ec7c917ef" testListId="8c84fa94-04c1-424b-9868-57a2d4851a1d" />
    <TestEntry testId="e17fca42-437a-68d1-0840-f851d75d6b14" executionId="aba5823c-e95c-40f0-8251-e2511e873d9b" testListId="8c84fa94-04c1-424b-9868-57a2d4851a1d" />
    <TestEntry testId="3eced5d3-c4d0-10c3-4c77-64ca197d1417" executionId="1e43b905-56fc-472e-803e-21b70242127c" testListId="8c84fa94-04c1-424b-9868-57a2d4851a1d" />
    <TestEntry testId="e00f6021-d598-de18-aede-4c9968af10d1" executionId="dbcc9150-bb30-4277-b767-edd227429c39" testListId="8c84fa94-04c1-424b-9868-57a2d4851a1d" />
    <TestEntry testId="a4c8932d-78f7-1711-ee84-337770195869" executionId="462b151f-132b-4c1e-a56d-883808249e1c" testListId="8c84fa94-04c1-424b-9868-57a2d4851a1d" />
    <TestEntry testId="3af1a18d-e042-ff91-90ee-7632bc4d2055" executionId="47b04475-6bde-439d-b290-100e7fa088c7" testListId="8c84fa94-04c1-424b-9868-57a2d4851a1d" />
    <TestEntry testId="94da6005-2a68-71ff-fd76-cc8a31df085f" executionId="2486c30b-f5b5-4812-86e4-2d1b19162dfc" testListId="8c84fa94-04c1-424b-9868-57a2d4851a1d" />
    <TestEntry testId="b770f71d-0d0a-bca3-46f0-1672ace75254" executionId="682a23a7-9b24-4d8c-ab4b-ca1ac37de1ce" testListId="8c84fa94-04c1-424b-9868-57a2d4851a1d" />
    <TestEntry testId="86a806c3-008c-3494-158c-33d60ef62ffc" executionId="021ef4d7-59de-49df-8d65-7adef922e111" testListId="8c84fa94-04c1-424b-9868-57a2d4851a1d" />
    <TestEntry testId="1b6b7928-b660-48f6-d5c7-ae81f2164e53" executionId="70433315-68ae-47ff-9930-fd8687d2d1f2" testListId="8c84fa94-04c1-424b-9868-57a2d4851a1d" />
    <TestEntry testId="8f1b24f5-0753-b595-10ac-0efcdcd844e4" executionId="8d8ce487-3fec-480a-a7ae-093a9ff85972" testListId="8c84fa94-04c1-424b-9868-57a2d4851a1d" />
    <TestEntry testId="a69cfc93-9ed5-bed5-5e18-045cad126d18" executionId="2a6e27d1-fda3-4c13-a8d5-0790c707fa24" testListId="8c84fa94-04c1-424b-9868-57a2d4851a1d" />
    <TestEntry testId="29114be5-55cd-6aa0-9e64-7c18eb5130ca" executionId="2e131d8a-b31b-4e98-a313-47572263df42" testListId="8c84fa94-04c1-424b-9868-57a2d4851a1d" />
    <TestEntry testId="b99200d7-4624-dab8-0f77-52d1da46246f" executionId="37404cc1-e01f-4929-9365-8c8f41765f4d" testListId="8c84fa94-04c1-424b-9868-57a2d4851a1d" />
    <TestEntry testId="701eb8fd-0932-a6c0-aadb-5097e702b514" executionId="b7557a72-72f9-41ae-be6c-24c4f8ccea2e" testListId="8c84fa94-04c1-424b-9868-57a2d4851a1d" />
    <TestEntry testId="bb197bcb-a685-15af-e079-6135eebd9628" executionId="e3156278-0da0-473a-81e1-476b9fabb873" testListId="8c84fa94-04c1-424b-9868-57a2d4851a1d" />
    <TestEntry testId="1db434c8-2f2a-9853-7f17-6b29859693db" executionId="0d3d8bfd-9311-4aba-8250-2315ce4f5234" testListId="8c84fa94-04c1-424b-9868-57a2d4851a1d" />
  </TestEntries>
  <TestLists>
    <TestList name="Results Not in a List" id="8c84fa94-04c1-424b-9868-57a2d4851a1d" />
    <TestList name="All Loaded Results" id="19431567-8539-422a-85d7-44ee4e166bda" />
  </TestLists>
  <ResultSummary outcome="Completed">
    <Counters total="34" executed="34" passed="34" failed="0" error="0" timeout="0" aborted="0" inconclusive="0" passedButRunAborted="0" notRunnable="0" notExecuted="0" disconnected="0" warning="0" completed="0" inProgress="0" pending="0" />
    <Output>
      <StdOut>[xUnit.net 00:00:00.00] xUnit.net VSTest Adapter v3.1.5+1b188a7b0a (32-bit .NET 8.0.25)&#xD;
[xUnit.net 00:00:01.00]   Discovering: SI360.GateRunner.Tests&#xD;
[xUnit.net 00:00:01.17]   Discovered:  SI360.GateRunner.Tests&#xD;
[xUnit.net 00:00:01.24]   Starting:    SI360.GateRunner.Tests&#xD;
[xUnit.net 00:00:02.30]   Finished:    SI360.GateRunner.Tests&#xD;
</StdOut>
    </Output>
  </ResultSummary>
</TestRun>