<?xml version="1.0" encoding="utf-8"?>
<TestRun id="c8fb1574-e5f5-4ce0-ac80-7d91898ec64f" name="Rolen@DESKTOP-C1UO3FR 2026-05-01 19:55:10" runUser="DESKTOP-C1UO3FR\Rolen" xmlns="http://microsoft.com/schemas/VisualStudio/TeamTest/2010">
  <Times creation="2026-05-01T19:55:10.6695737+08:00" queuing="2026-05-01T19:55:10.6695738+08:00" start="2026-05-01T19:55:07.5631503+08:00" finish="2026-05-01T19:55:12.0109099+08:00" />
  <TestSettings name="default" id="a385025b-c6a5-4766-a06e-a392824b9191">
    <Deployment runDeploymentRoot="Rolen_DESKTOP-C1UO3FR_2026-05-01_19_55_10" />
  </TestSettings>
  <Results>
    <UnitTestResult executionId="cb782a23-b898-4b6d-bff1-be96589f7492" testId="7ff8e1e4-de77-331f-5ef6-5c1ae0a069cd" testName="SI360.GateRunner.Tests.SupportBundleExporterTests.Export_PackagesReportsArtifactsMetadataAndProbes" computerName="DESKTOP-C1UO3FR" duration="00:00:00.2445405" startTime="2026-05-01T19:55:11.1989404+08:00" endTime="2026-05-01T19:55:11.4434109+08:00" testType="13cdc9d9-ddb5-4fa4-a97d-d965ccfc6d4b" outcome="Passed" testListId="8c84fa94-04c1-424b-9868-57a2d4851a1d" relativeResultsDirectory="cb782a23-b898-4b6d-bff1-be96589f7492" />
    <UnitTestResult executionId="32fe1f59-36a4-4f5c-86cb-a86a8d819878" testId="f115d62a-bf7f-b4ad-9271-495c2d158814" testName="SI360.GateRunner.Tests.DeploymentMetadataValidatorTests.Validate_AcceptsCompleteMetadata" computerName="DESKTOP-C1UO3FR" duration="00:00:00.0016873" startTime="2026-05-01T19:55:10.7864012+08:00" endTime="2026-05-01T19:55:10.7864963+08:00" testType="13cdc9d9-ddb5-4fa4-a97d-d965ccfc6d4b" outcome="Passed" testListId="8c84fa94-04c1-424b-9868-57a2d4851a1d" relativeResultsDirectory="32fe1f59-36a4-4f5c-86cb-a86a8d819878" />
    <UnitTestResult executionId="0b33ba6b-6dcd-4966-8e4c-f0f140a0c747" testId="94da6005-2a68-71ff-fd76-cc8a31df085f" testName="SI360.GateRunner.Tests.ReportWriterTests.WriteAsync_IncludesRuntimeReadinessMetadataAndProbes" computerName="DESKTOP-C1UO3FR" duration="00:00:00.0460507" startTime="2026-05-01T19:55:11.7842468+08:00" endTime="2026-05-01T19:55:11.8311297+08:00" testType="13cdc9d9-ddb5-4fa4-a97d-d965ccfc6d4b" outcome="Passed" testListId="8c84fa94-04c1-424b-9868-57a2d4851a1d" relativeResultsDirectory="0b33ba6b-6dcd-4966-8e4c-f0f140a0c747" />
    <UnitTestResult executionId="c26fb91c-be14-44e8-9497-cb5c99a0b5e2" testId="1e09913d-1be4-ea6f-4da3-bb82404330a6" testName="SI360.GateRunner.Tests.ReportWriterTests.WriteAsync_RedactsSecretsFromMarkdownAndJson" computerName="DESKTOP-C1UO3FR" duration="00:00:00.0339360" startTime="2026-05-01T19:55:11.8316116+08:00" endTime="2026-05-01T19:55:11.8665872+08:00" testType="13cdc9d9-ddb5-4fa4-a97d-d965ccfc6d4b" outcome="Passed" testListId="8c84fa94-04c1-424b-9868-57a2d4851a1d" relativeResultsDirectory="c26fb91c-be14-44e8-9497-cb5c99a0b5e2" />
    <UnitTestResult executionId="2774d85f-de96-4475-b474-50ef14565608" testId="4b5ceb6d-89c0-a7f5-da1f-76566e0d3abd" testName="SI360.GateRunner.Tests.DecisionPolicyTests.Decide_ReturnsNoGo_WhenRuntimeReadinessIsNotReady" computerName="DESKTOP-C1UO3FR" duration="00:00:00.0011528" startTime="2026-05-01T19:55:10.8747931+08:00" endTime="2026-05-01T19:55:10.8748979+08:00" testType="13cdc9d9-ddb5-4fa4-a97d-d965ccfc6d4b" outcome="Passed" testListId="8c84fa94-04c1-424b-9868-57a2d4851a1d" relativeResultsDirectory="2774d85f-de96-4475-b474-50ef14565608" />
    <UnitTestResult executionId="e88d55fe-fcc4-477a-8976-eb01b5ffe823" testId="63acd814-0e94-b4cc-5bb0-4081f5c634fb" testName="SI360.GateRunner.Tests.ReportWriterTests.WriteAsync_IncludesQualityIssuesAndGradingImpacts" computerName="DESKTOP-C1UO3FR" duration="00:00:00.2506648" startTime="2026-05-01T19:55:11.5158690+08:00" endTime="2026-05-01T19:55:11.7838419+08:00" testType="13cdc9d9-ddb5-4fa4-a97d-d965ccfc6d4b" outcome="Passed" testListId="8c84fa94-04c1-424b-9868-57a2d4851a1d" relativeResultsDirectory="e88d55fe-fcc4-477a-8976-eb01b5ffe823" />
    <UnitTestResult executionId="02c8508c-6671-4993-ba68-93243644488e" testId="c1426626-f98b-4838-49b5-97cd2f2ae64d" testName="SI360.GateRunner.Tests.RunnerSettingsTests.ApplyEnvironmentVariables_OverridesNewConfigurationFields" computerName="DESKTOP-C1UO3FR" duration="00:00:00.0018865" startTime="2026-05-01T19:55:10.6135180+08:00" endTime="2026-05-01T19:55:10.6136255+08:00" testType="13cdc9d9-ddb5-4fa4-a97d-d965ccfc6d4b" outcome="Passed" testListId="8c84fa94-04c1-424b-9868-57a2d4851a1d" relativeResultsDirectory="02c8508c-6671-4993-ba68-93243644488e" />
    <UnitTestResult executionId="6bfed1a5-1ce1-45cd-a961-f8ffa55d7093" testId="29114be5-55cd-6aa0-9e64-7c18eb5130ca" testName="SI360.GateRunner.Tests.SecretRedactorTests.Redact_RemovesKnownSecretPatterns(input: &quot;https://example.test/status?token=super-secret-tok&quot;···)" computerName="DESKTOP-C1UO3FR" duration="00:00:00.0000339" startTime="2026-05-01T19:55:11.8180388+08:00" endTime="2026-05-01T19:55:11.8181505+08:00" testType="13cdc9d9-ddb5-4fa4-a97d-d965ccfc6d4b" outcome="Passed" testListId="8c84fa94-04c1-424b-9868-57a2d4851a1d" relativeResultsDirectory="6bfed1a5-1ce1-45cd-a961-f8ffa55d7093" />
    <UnitTestResult executionId="3451a191-56b2-4c35-986a-8c9764e8dda9" testId="a4c8932d-78f7-1711-ee84-337770195869" testName="SI360.GateRunner.Tests.GateRunnerCommandsTests.BuildAsync_BuildsSolutionWithoutRestore" computerName="DESKTOP-C1UO3FR" duration="00:00:00.0018283" startTime="2026-05-01T19:55:10.8367390+08:00" endTime="2026-05-01T19:55:10.8383935+08:00" testType="13cdc9d9-ddb5-4fa4-a97d-d965ccfc6d4b" outcome="Passed" testListId="8c84fa94-04c1-424b-9868-57a2d4851a1d" relativeResultsDirectory="3451a191-56b2-4c35-986a-8c9764e8dda9" />
    <UnitTestResult executionId="d1ef5dd4-f8b5-4b10-998f-c05f35b8dd69" testId="ef0c39ad-e05d-4e0f-b601-af34c65519dd" testName="SI360.GateRunner.Tests.DecisionPolicyTests.Decide_ReturnsGo_WhenScoreMeetsThresholdAndAllGatesGreen" computerName="DESKTOP-C1UO3FR" duration="00:00:00.0004751" startTime="2026-05-01T19:55:10.8730722+08:00" endTime="2026-05-01T19:55:10.8731712+08:00" testType="13cdc9d9-ddb5-4fa4-a97d-d965ccfc6d4b" outcome="Passed" testListId="8c84fa94-04c1-424b-9868-57a2d4851a1d" relativeResultsDirectory="d1ef5dd4-f8b5-4b10-998f-c05f35b8dd69" />
    <UnitTestResult executionId="ff058c51-2af9-4170-9c42-24523d9bb406" testId="002d2d59-9e33-8304-f7f9-c80766298b80" testName="SI360.GateRunner.Tests.DeploymentMetadataValidatorTests.LoadAndValidate_ReadsMetadataFile" computerName="DESKTOP-C1UO3FR" duration="00:00:00.0814112" startTime="2026-05-01T19:55:10.7001377+08:00" endTime="2026-05-01T19:55:10.7815562+08:00" testType="13cdc9d9-ddb5-4fa4-a97d-d965ccfc6d4b" outcome="Passed" testListId="8c84fa94-04c1-424b-9868-57a2d4851a1d" relativeResultsDirectory="ff058c51-2af9-4170-9c42-24523d9bb406" />
    <UnitTestResult executionId="a21834a4-18d1-4c44-aeb0-639e138afe11" testId="8f1b24f5-0753-b595-10ac-0efcdcd844e4" testName="SI360.GateRunner.Tests.GateCatalogDriftAnalyzerTests.DiscoverFromDirectory_FindsGateClassesAndCountsFactsAndTheories" computerName="DESKTOP-C1UO3FR" duration="00:00:00.0352138" startTime="2026-05-01T19:55:10.6099369+08:00" endTime="2026-05-01T19:55:10.6100611+08:00" testType="13cdc9d9-ddb5-4fa4-a97d-d965ccfc6d4b" outcome="Passed" testListId="8c84fa94-04c1-424b-9868-57a2d4851a1d" relativeResultsDirectory="a21834a4-18d1-4c44-aeb0-639e138afe11" />
    <UnitTestResult executionId="e32f1ed6-b8e0-4be4-8a46-f12344fef1c3" testId="aefb7d5f-9507-8f36-af3a-192a4452d88b" testName="SI360.GateRunner.Tests.SyntheticProbeRunnerTests.RunAsync_ReportsProbeStatusAndRedactsEndpointDiagnostics" computerName="DESKTOP-C1UO3FR" duration="00:00:00.0500685" startTime="2026-05-01T19:55:10.6390737+08:00" endTime="2026-05-01T19:55:10.6889693+08:00" testType="13cdc9d9-ddb5-4fa4-a97d-d965ccfc6d4b" outcome="Passed" testListId="8c84fa94-04c1-424b-9868-57a2d4851a1d" relativeResultsDirectory="e32f1ed6-b8e0-4be4-8a46-f12344fef1c3" />
    <UnitTestResult executionId="0d1896c9-ae50-4b55-90c3-a7e37adf9f85" testId="28901983-af4e-1a8b-9905-8626dcfb5c69" testName="SI360.GateRunner.Tests.TrxResultParserTests.Parse_ReadsFailedTestDetailsFromTrx" computerName="DESKTOP-C1UO3FR" duration="00:00:00.0785114" startTime="2026-05-01T19:55:11.1199501+08:00" endTime="2026-05-01T19:55:11.1984880+08:00" testType="13cdc9d9-ddb5-4fa4-a97d-d965ccfc6d4b" outcome="Passed" testListId="8c84fa94-04c1-424b-9868-57a2d4851a1d" relativeResultsDirectory="0d1896c9-ae50-4b55-90c3-a7e37adf9f85" />
    <UnitTestResult executionId="5792cd35-cfa5-4d92-b4ef-bea49b76a759" testId="e00f6021-d598-de18-aede-4c9968af10d1" testName="SI360.GateRunner.Tests.DecisionPolicyTests.Decide_ReturnsNoGo_WhenAnyGateIsRed" computerName="DESKTOP-C1UO3FR" duration="00:00:00.0005462" startTime="2026-05-01T19:55:10.8738810+08:00" endTime="2026-05-01T19:55:10.8739811+08:00" testType="13cdc9d9-ddb5-4fa4-a97d-d965ccfc6d4b" outcome="Passed" testListId="8c84fa94-04c1-424b-9868-57a2d4851a1d" relativeResultsDirectory="5792cd35-cfa5-4d92-b4ef-bea49b76a759" />
    <UnitTestResult executionId="51c706cf-386b-44e1-86d0-f50f00a8ed6d" testId="bd5ad49f-a308-db5a-14b2-50eb08819930" testName="SI360.GateRunner.Tests.DecisionPolicyTests.Decide_ReturnsHold_WhenScorePassesButAnyGateIsYellow" computerName="DESKTOP-C1UO3FR" duration="00:00:00.0276045" startTime="2026-05-01T19:55:10.8387633+08:00" endTime="2026-05-01T19:55:10.8671281+08:00" testType="13cdc9d9-ddb5-4fa4-a97d-d965ccfc6d4b" outcome="Passed" testListId="8c84fa94-04c1-424b-9868-57a2d4851a1d" relativeResultsDirectory="51c706cf-386b-44e1-86d0-f50f00a8ed6d" />
    <UnitTestResult executionId="ddf773b0-9736-445d-880e-9d3f23314f08" testId="e5bcac40-2237-0d4e-c066-3acbc12fd55e" testName="SI360.GateRunner.Tests.SecretRedactorTests.ProcessRunner_RedactsLiveLogsAndArtifacts" computerName="DESKTOP-C1UO3FR" duration="00:00:00.4440450" startTime="2026-05-01T19:55:11.3562432+08:00" endTime="2026-05-01T19:55:11.8133897+08:00" testType="13cdc9d9-ddb5-4fa4-a97d-d965ccfc6d4b" outcome="Passed" testListId="8c84fa94-04c1-424b-9868-57a2d4851a1d" relativeResultsDirectory="ddf773b0-9736-445d-880e-9d3f23314f08" />
    <UnitTestResult executionId="2998869d-a331-4d66-acaa-588af447a177" testId="b770f71d-0d0a-bca3-46f0-1672ace75254" testName="SI360.GateRunner.Tests.DeploymentMetadataValidatorTests.Validate_RejectsSecretValuesAndSecretLikeFields" computerName="DESKTOP-C1UO3FR" duration="00:00:00.1017990" startTime="2026-05-01T19:55:10.7867396+08:00" endTime="2026-05-01T19:55:10.8865650+08:00" testType="13cdc9d9-ddb5-4fa4-a97d-d965ccfc6d4b" outcome="Passed" testListId="8c84fa94-04c1-424b-9868-57a2d4851a1d" relativeResultsDirectory="2998869d-a331-4d66-acaa-588af447a177" />
    <UnitTestResult executionId="b6ca9131-be80-4baa-a7ee-e4418db281f9" testId="a69cfc93-9ed5-bed5-5e18-045cad126d18" testName="SI360.GateRunner.Tests.ProcessRunnerTests.RunAsync_WritesArtifactsForCompletedProcess" computerName="DESKTOP-C1UO3FR" duration="00:00:00.2139729" startTime="2026-05-01T19:55:11.5956243+08:00" endTime="2026-05-01T19:55:11.8285351+08:00" testType="13cdc9d9-ddb5-4fa4-a97d-d965ccfc6d4b" outcome="Passed" testListId="8c84fa94-04c1-424b-9868-57a2d4851a1d" relativeResultsDirectory="b6ca9131-be80-4baa-a7ee-e4418db281f9" />
    <UnitTestResult executionId="297236fc-da2c-4d34-8d3c-31816031bf32" testId="a9c81db0-9e6e-7165-c525-3e83dc3a9d57" testName="SI360.GateRunner.Tests.DecisionPolicyTests.Decide_ReturnsHold_WhenAllGatesGreenButScoreIsBelowGoThreshold" computerName="DESKTOP-C1UO3FR" duration="00:00:00.0003970" startTime="2026-05-01T19:55:10.8675058+08:00" endTime="2026-05-01T19:55:10.8676150+08:00" testType="13cdc9d9-ddb5-4fa4-a97d-d965ccfc6d4b" outcome="Passed" testListId="8c84fa94-04c1-424b-9868-57a2d4851a1d" relativeResultsDirectory="297236fc-da2c-4d34-8d3c-31816031bf32" />
    <UnitTestResult executionId="a0a77eca-3b87-4131-af09-e5dee34d43c3" testId="7a41f742-79a2-96e4-4e20-d599b64304a6" testName="SI360.GateRunner.Tests.ReportRetentionPrunerTests.Prune_DeletesOnlyExpiredGateRunEntries" computerName="DESKTOP-C1UO3FR" duration="00:00:00.0104669" startTime="2026-05-01T19:55:10.6894230+08:00" endTime="2026-05-01T19:55:10.6997682+08:00" testType="13cdc9d9-ddb5-4fa4-a97d-d965ccfc6d4b" outcome="Passed" testListId="8c84fa94-04c1-424b-9868-57a2d4851a1d" relativeResultsDirectory="a0a77eca-3b87-4131-af09-e5dee34d43c3" />
    <UnitTestResult executionId="f8bfe213-7f07-4841-86c6-6d7579399f05" testId="466bb025-5f29-c51c-5a36-4e140a2ce2cc" testName="SI360.GateRunner.Tests.RunnerSettingsTests.Validate_ReturnsActionableErrorsForInvalidConfiguration" computerName="DESKTOP-C1UO3FR" duration="00:00:00.0027567" startTime="2026-05-01T19:55:10.6130326+08:00" endTime="2026-05-01T19:55:10.6131772+08:00" testType="13cdc9d9-ddb5-4fa4-a97d-d965ccfc6d4b" outcome="Passed" testListId="8c84fa94-04c1-424b-9868-57a2d4851a1d" relativeResultsDirectory="f8bfe213-7f07-4841-86c6-6d7579399f05" />
    <UnitTestResult executionId="258a4510-9f9e-442a-85fc-b8d89a523ffe" testId="f27e3ab1-0bbe-4813-716c-f16b8f2b553d" testName="SI360.GateRunner.Tests.GateRunnerCommandsTests.BuildAsync_CapturesWarningsAndErrorsAsQualityIssues" computerName="DESKTOP-C1UO3FR" duration="00:00:00.0361475" startTime="2026-05-01T19:55:10.7909909+08:00" endTime="2026-05-01T19:55:10.8272614+08:00" testType="13cdc9d9-ddb5-4fa4-a97d-d965ccfc6d4b" outcome="Passed" testListId="8c84fa94-04c1-424b-9868-57a2d4851a1d" relativeResultsDirectory="258a4510-9f9e-442a-85fc-b8d89a523ffe" />
    <UnitTestResult executionId="87c63020-2c0a-447b-9224-159bc2659fc1" testId="86a806c3-008c-3494-158c-33d60ef62ffc" testName="SI360.GateRunner.Tests.GateRunnerCommandsTests.Snapshot_MatchesCommandFactoryOutput" computerName="DESKTOP-C1UO3FR" duration="00:00:00.0054568" startTime="2026-05-01T19:55:10.8312158+08:00" endTime="2026-05-01T19:55:10.8364319+08:00" testType="13cdc9d9-ddb5-4fa4-a97d-d965ccfc6d4b" outcome="Passed" testListId="8c84fa94-04c1-424b-9868-57a2d4851a1d" relativeResultsDirectory="87c63020-2c0a-447b-9224-159bc2659fc1" />
    <UnitTestResult executionId="49a6cba7-d74f-4bef-85f3-ab05ca6a023e" testId="3af1a18d-e042-ff91-90ee-7632bc4d2055" testName="SI360.GateRunner.Tests.RunnerSettingsTests.Discover_FindsSolutionTestProjectAndResultsDirectoryFromCandidateRoot" computerName="DESKTOP-C1UO3FR" duration="00:00:00.0082091" startTime="2026-05-01T19:55:10.6139543+08:00" endTime="2026-05-01T19:55:10.6200623+08:00" testType="13cdc9d9-ddb5-4fa4-a97d-d965ccfc6d4b" outcome="Passed" testListId="8c84fa94-04c1-424b-9868-57a2d4851a1d" relativeResultsDirectory="49a6cba7-d74f-4bef-85f3-ab05ca6a023e" />
    <UnitTestResult executionId="876933f1-69b8-4091-bf93-83d2a13e7622" testId="f75b1d4f-4e9b-9446-b76b-142d7f7137a2" testName="SI360.GateRunner.Tests.ProcessRunnerTests.RunAsync_ReportsTimeout" computerName="DESKTOP-C1UO3FR" duration="00:00:00.6569449" startTime="2026-05-01T19:55:10.8759537+08:00" endTime="2026-05-01T19:55:11.5951263+08:00" testType="13cdc9d9-ddb5-4fa4-a97d-d965ccfc6d4b" outcome="Passed" testListId="8c84fa94-04c1-424b-9868-57a2d4851a1d" relativeResultsDirectory="876933f1-69b8-4091-bf93-83d2a13e7622" />
    <UnitTestResult executionId="eae56d57-faad-43b4-8960-f572f9158340" testId="e17fca42-437a-68d1-0840-f851d75d6b14" testName="SI360.GateRunner.Tests.DeploymentMetadataValidatorTests.Validate_ReportsMalformedEndpointsAndIds" computerName="DESKTOP-C1UO3FR" duration="00:00:00.0008606" startTime="2026-05-01T19:55:10.8920563+08:00" endTime="2026-05-01T19:55:10.8947195+08:00" testType="13cdc9d9-ddb5-4fa4-a97d-d965ccfc6d4b" outcome="Passed" testListId="8c84fa94-04c1-424b-9868-57a2d4851a1d" relativeResultsDirectory="eae56d57-faad-43b4-8960-f572f9158340" />
    <UnitTestResult executionId="59d08270-2015-4746-a647-5891da29c9cb" testId="1b6b7928-b660-48f6-d5c7-ae81f2164e53" testName="SI360.GateRunner.Tests.GateCatalogDriftAnalyzerTests.Validate_ReportsCountDriftAndMissingEntries" computerName="DESKTOP-C1UO3FR" duration="00:00:00.0157987" startTime="2026-05-01T19:55:10.4850293+08:00" endTime="2026-05-01T19:55:10.5130723+08:00" testType="13cdc9d9-ddb5-4fa4-a97d-d965ccfc6d4b" outcome="Passed" testListId="8c84fa94-04c1-424b-9868-57a2d4851a1d" relativeResultsDirectory="59d08270-2015-4746-a647-5891da29c9cb" />
    <UnitTestResult executionId="707b629b-82b6-4529-9bb1-d06edb013712" testId="9e57d6eb-82a9-dc35-1243-4147386ed772" testName="SI360.GateRunner.Tests.DecisionPolicyTests.Decide_ReturnsHold_WhenRuntimeReadinessIsUnknown" computerName="DESKTOP-C1UO3FR" duration="00:00:00.0004267" startTime="2026-05-01T19:55:10.8754334+08:00" endTime="2026-05-01T19:55:10.8755425+08:00" testType="13cdc9d9-ddb5-4fa4-a97d-d965ccfc6d4b" outcome="Passed" testListId="8c84fa94-04c1-424b-9868-57a2d4851a1d" relativeResultsDirectory="707b629b-82b6-4529-9bb1-d06edb013712" />
    <UnitTestResult executionId="45ea9a4b-26cb-4863-875a-12588ce13f0f" testId="bb197bcb-a685-15af-e079-6135eebd9628" testName="SI360.GateRunner.Tests.SecretRedactorTests.Redact_RemovesKnownSecretPatterns(input: &quot;Authorization: Bearer eyJhbGciOiJIUzI1NiJ9.secret&quot;)" computerName="DESKTOP-C1UO3FR" duration="00:00:00.0035230" startTime="2026-05-01T19:55:11.8156362+08:00" endTime="2026-05-01T19:55:11.8177598+08:00" testType="13cdc9d9-ddb5-4fa4-a97d-d965ccfc6d4b" outcome="Passed" testListId="8c84fa94-04c1-424b-9868-57a2d4851a1d" relativeResultsDirectory="45ea9a4b-26cb-4863-875a-12588ce13f0f" />
    <UnitTestResult executionId="3e60568e-060e-4753-af40-548ea04193c2" testId="b29d39a7-da59-f918-7964-800b7b5188f1" testName="SI360.GateRunner.Tests.GateRunnerCommandsTests.RestoreAsync_RestoresSolutionPath" computerName="DESKTOP-C1UO3FR" duration="00:00:00.0034315" startTime="2026-05-01T19:55:10.8278157+08:00" endTime="2026-05-01T19:55:10.8308431+08:00" testType="13cdc9d9-ddb5-4fa4-a97d-d965ccfc6d4b" outcome="Passed" testListId="8c84fa94-04c1-424b-9868-57a2d4851a1d" relativeResultsDirectory="3e60568e-060e-4753-af40-548ea04193c2" />
    <UnitTestResult executionId="a55139af-07de-45f0-97d8-94c996b0a216" testId="cbbe7d7d-5063-35a5-ac3b-41d2f786657e" testName="SI360.GateRunner.Tests.DecisionPolicyTests.Decide_ReturnsHold_WhenBuildWarningExists" computerName="DESKTOP-C1UO3FR" duration="00:00:00.0011995" startTime="2026-05-01T19:55:10.8726366+08:00" endTime="2026-05-01T19:55:10.8727616+08:00" testType="13cdc9d9-ddb5-4fa4-a97d-d965ccfc6d4b" outcome="Passed" testListId="8c84fa94-04c1-424b-9868-57a2d4851a1d" relativeResultsDirectory="a55139af-07de-45f0-97d8-94c996b0a216" />
    <UnitTestResult executionId="6ae17f02-5be5-46a1-94dc-c9d21e52dc7b" testId="a2bfa92d-2574-ce2e-6b44-8feb6afef1af" testName="SI360.GateRunner.Tests.ReportWriterTests.WriteAsync_ComparesNewRecurringAndResolvedFailures" computerName="DESKTOP-C1UO3FR" duration="00:00:00.8310654" startTime="2026-05-01T19:55:10.4808621+08:00" endTime="2026-05-01T19:55:11.5129090+08:00" testType="13cdc9d9-ddb5-4fa4-a97d-d965ccfc6d4b" outcome="Passed" testListId="8c84fa94-04c1-424b-9868-57a2d4851a1d" relativeResultsDirectory="6ae17f02-5be5-46a1-94dc-c9d21e52dc7b" />
    <UnitTestResult executionId="47d4d1fa-58a5-4071-ad73-6ad150b8296d" testId="3eced5d3-c4d0-10c3-4c77-64ca197d1417" testName="SI360.GateRunner.Tests.SecretRedactorTests.Redact_RemovesKnownSecretPatterns(input: &quot;api_key=super-secret-token&quot;)" computerName="DESKTOP-C1UO3FR" duration="00:00:00.0002945" startTime="2026-05-01T19:55:11.8149694+08:00" endTime="2026-05-01T19:55:11.8151199+08:00" testType="13cdc9d9-ddb5-4fa4-a97d-d965ccfc6d4b" outcome="Passed" testListId="8c84fa94-04c1-424b-9868-57a2d4851a1d" relativeResultsDirectory="47d4d1fa-58a5-4071-ad73-6ad150b8296d" />
    <UnitTestResult executionId="197037a5-933e-4e03-a99a-e90c59ebfc5e" testId="25cf303c-61f7-2226-36d2-65731f09ebd4" testName="SI360.GateRunner.Tests.SecretRedactorTests.Redact_RemovesKnownSecretPatterns(input: &quot;Server=db;Password=super-secret-token;Database=SI3&quot;···)" computerName="DESKTOP-C1UO3FR" duration="00:00:00.0002469" startTime="2026-05-01T19:55:11.8153703+08:00" endTime="2026-05-01T19:55:11.8154625+08:00" testType="13cdc9d9-ddb5-4fa4-a97d-d965ccfc6d4b" outcome="Passed" testListId="8c84fa94-04c1-424b-9868-57a2d4851a1d" relativeResultsDirectory="197037a5-933e-4e03-a99a-e90c59ebfc5e" />
    <UnitTestResult executionId="9a1165b8-82c3-4128-ad7b-7ab83ee9654f" testId="b99200d7-4624-dab8-0f77-52d1da46246f" testName="SI360.GateRunner.Tests.DecisionPolicyTests.Decide_ReturnsHold_WhenCatalogWarningsExist" computerName="DESKTOP-C1UO3FR" duration="00:00:00.0005784" startTime="2026-05-01T19:55:10.8734525+08:00" endTime="2026-05-01T19:55:10.8735845+08:00" testType="13cdc9d9-ddb5-4fa4-a97d-d965ccfc6d4b" outcome="Passed" testListId="8c84fa94-04c1-424b-9868-57a2d4851a1d" relativeResultsDirectory="9a1165b8-82c3-4128-ad7b-7ab83ee9654f" />
    <UnitTestResult executionId="45c6bbe5-8bbb-4c44-95c1-bc264777e806" testId="701eb8fd-0932-a6c0-aadb-5097e702b514" testName="SI360.GateRunner.Tests.SyntheticProbeRunnerTests.RunAsync_SkipsWhenMetadataInvalid" computerName="DESKTOP-C1UO3FR" duration="00:00:00.0018960" startTime="2026-05-01T19:55:10.6370715+08:00" endTime="2026-05-01T19:55:10.6387055+08:00" testType="13cdc9d9-ddb5-4fa4-a97d-d965ccfc6d4b" outcome="Passed" testListId="8c84fa94-04c1-424b-9868-57a2d4851a1d" relativeResultsDirectory="45c6bbe5-8bbb-4c44-95c1-bc264777e806" />
    <UnitTestResult executionId="8d4c28f2-f772-4bdd-8978-88c4a1fb20ad" testId="421d3f0a-c796-3398-1fa8-2b592e7d4f44" testName="SI360.GateRunner.Tests.ReportWriterTests.WriteAsync_IncludesDecisionPolicyAndCatalogWarnings" computerName="DESKTOP-C1UO3FR" duration="00:00:00.0157600" startTime="2026-05-01T19:55:11.8669103+08:00" endTime="2026-05-01T19:55:11.8836400+08:00" testType="13cdc9d9-ddb5-4fa4-a97d-d965ccfc6d4b" outcome="Passed" testListId="8c84fa94-04c1-424b-9868-57a2d4851a1d" relativeResultsDirectory="8d4c28f2-f772-4bdd-8978-88c4a1fb20ad" />
    <UnitTestResult executionId="8715e574-7d88-490f-b3ed-14f4358de915" testId="d7dd4c99-154f-8ab6-56e0-8363e63caeb3" testName="SI360.GateRunner.Tests.DecisionPolicyTests.Decide_ReturnsNoGo_WhenBuildErrorsExist" computerName="DESKTOP-C1UO3FR" duration="00:00:00.0006801" startTime="2026-05-01T19:55:10.8744241+08:00" endTime="2026-05-01T19:55:10.8745152+08:00" testType="13cdc9d9-ddb5-4fa4-a97d-d965ccfc6d4b" outcome="Passed" testListId="8c84fa94-04c1-424b-9868-57a2d4851a1d" relativeResultsDirectory="8715e574-7d88-490f-b3ed-14f4358de915" />
    <UnitTestResult executionId="1b7453b4-9033-46c5-ab40-3bfda292a003" testId="65e32a25-058a-279e-02e5-30ebeed7e422" testName="SI360.GateRunner.Tests.SyntheticProbeRunnerTests.RunAsync_SkipsWhenProbeModeDisabled" computerName="DESKTOP-C1UO3FR" duration="00:00:00.0162404" startTime="2026-05-01T19:55:10.6205949+08:00" endTime="2026-05-01T19:55:10.6367070+08:00" testType="13cdc9d9-ddb5-4fa4-a97d-d965ccfc6d4b" outcome="Passed" testListId="8c84fa94-04c1-424b-9868-57a2d4851a1d" relativeResultsDirectory="1b7453b4-9033-46c5-ab40-3bfda292a003" />
    <UnitTestResult executionId="a166d558-f3b2-4fa6-b37d-52ba134a60b0" testId="1db434c8-2f2a-9853-7f17-6b29859693db" testName="SI360.GateRunner.Tests.DeploymentMetadataValidatorTests.Validate_ReportsMissingRequiredFields" computerName="DESKTOP-C1UO3FR" duration="00:00:00.0011356" startTime="2026-05-01T19:55:10.7856975+08:00" endTime="2026-05-01T19:55:10.7858432+08:00" testType="13cdc9d9-ddb5-4fa4-a97d-d965ccfc6d4b" outcome="Passed" testListId="8c84fa94-04c1-424b-9868-57a2d4851a1d" relativeResultsDirectory="a166d558-f3b2-4fa6-b37d-52ba134a60b0" />
  </Results>
  <TestDefinitions>
    <UnitTest name="SI360.GateRunner.Tests.SupportBundleExporterTests.Export_PackagesReportsArtifactsMetadataAndProbes" storage="d:\gaterunner\si360.gaterunner.tests\bin\release\net8.0-windows\si360.gaterunner.tests.dll" id="7ff8e1e4-de77-331f-5ef6-5c1ae0a069cd">
      <Execution id="cb782a23-b898-4b6d-bff1-be96589f7492" />
      <TestMethod codeBase="D:\GateRunner\SI360.GateRunner.Tests\bin\Release\net8.0-windows\SI360.GateRunner.Tests.dll" adapterTypeName="executor://xunit/VsTestRunner3/netcore/" className="SI360.GateRunner.Tests.SupportBundleExporterTests" name="Export_PackagesReportsArtifactsMetadataAndProbes" />
    </UnitTest>
    <UnitTest name="SI360.GateRunner.Tests.GateRunnerCommandsTests.BuildAsync_CapturesWarningsAndErrorsAsQualityIssues" storage="d:\gaterunner\si360.gaterunner.tests\bin\release\net8.0-windows\si360.gaterunner.tests.dll" id="f27e3ab1-0bbe-4813-716c-f16b8f2b553d">
      <Execution id="258a4510-9f9e-442a-85fc-b8d89a523ffe" />
      <TestMethod codeBase="D:\GateRunner\SI360.GateRunner.Tests\bin\Release\net8.0-windows\SI360.GateRunner.Tests.dll" adapterTypeName="executor://xunit/VsTestRunner3/netcore/" className="SI360.GateRunner.Tests.GateRunnerCommandsTests" name="BuildAsync_CapturesWarningsAndErrorsAsQualityIssues" />
    </UnitTest>
    <UnitTest name="SI360.GateRunner.Tests.GateRunnerCommandsTests.RestoreAsync_RestoresSolutionPath" storage="d:\gaterunner\si360.gaterunner.tests\bin\release\net8.0-windows\si360.gaterunner.tests.dll" id="b29d39a7-da59-f918-7964-800b7b5188f1">
      <Execution id="3e60568e-060e-4753-af40-548ea04193c2" />
      <TestMethod codeBase="D:\GateRunner\SI360.GateRunner.Tests\bin\Release\net8.0-windows\SI360.GateRunner.Tests.dll" adapterTypeName="executor://xunit/VsTestRunner3/netcore/" className="SI360.GateRunner.Tests.GateRunnerCommandsTests" name="RestoreAsync_RestoresSolutionPath" />
    </UnitTest>
    <UnitTest name="SI360.GateRunner.Tests.SecretRedactorTests.Redact_RemovesKnownSecretPatterns(input: &quot;Authorization: Bearer eyJhbGciOiJIUzI1NiJ9.secret&quot;)" storage="d:\gaterunner\si360.gaterunner.tests\bin\release\net8.0-windows\si360.gaterunner.tests.dll" id="bb197bcb-a685-15af-e079-6135eebd9628">
      <Execution id="45ea9a4b-26cb-4863-875a-12588ce13f0f" />
      <TestMethod codeBase="D:\GateRunner\SI360.GateRunner.Tests\bin\Release\net8.0-windows\SI360.GateRunner.Tests.dll" adapterTypeName="executor://xunit/VsTestRunner3/netcore/" className="SI360.GateRunner.Tests.SecretRedactorTests" name="Redact_RemovesKnownSecretPatterns" />
    </UnitTest>
    <UnitTest name="SI360.GateRunner.Tests.ReportWriterTests.WriteAsync_ComparesNewRecurringAndResolvedFailures" storage="d:\gaterunner\si360.gaterunner.tests\bin\release\net8.0-windows\si360.gaterunner.tests.dll" id="a2bfa92d-2574-ce2e-6b44-8feb6afef1af">
      <Execution id="6ae17f02-5be5-46a1-94dc-c9d21e52dc7b" />
      <TestMethod codeBase="D:\GateRunner\SI360.GateRunner.Tests\bin\Release\net8.0-windows\SI360.GateRunner.Tests.dll" adapterTypeName="executor://xunit/VsTestRunner3/netcore/" className="SI360.GateRunner.Tests.ReportWriterTests" name="WriteAsync_ComparesNewRecurringAndResolvedFailures" />
    </UnitTest>
    <UnitTest name="SI360.GateRunner.Tests.DecisionPolicyTests.Decide_ReturnsNoGo_WhenRuntimeReadinessIsNotReady" storage="d:\gaterunner\si360.gaterunner.tests\bin\release\net8.0-windows\si360.gaterunner.tests.dll" id="4b5ceb6d-89c0-a7f5-da1f-76566e0d3abd">
      <Execution id="2774d85f-de96-4475-b474-50ef14565608" />
      <TestMethod codeBase="D:\GateRunner\SI360.GateRunner.Tests\bin\Release\net8.0-windows\SI360.GateRunner.Tests.dll" adapterTypeName="executor://xunit/VsTestRunner3/netcore/" className="SI360.GateRunner.Tests.DecisionPolicyTests" name="Decide_ReturnsNoGo_WhenRuntimeReadinessIsNotReady" />
    </UnitTest>
    <UnitTest name="SI360.GateRunner.Tests.DeploymentMetadataValidatorTests.Validate_AcceptsCompleteMetadata" storage="d:\gaterunner\si360.gaterunner.tests\bin\release\net8.0-windows\si360.gaterunner.tests.dll" id="f115d62a-bf7f-b4ad-9271-495c2d158814">
      <Execution id="32fe1f59-36a4-4f5c-86cb-a86a8d819878" />
      <TestMethod codeBase="D:\GateRunner\SI360.GateRunner.Tests\bin\Release\net8.0-windows\SI360.GateRunner.Tests.dll" adapterTypeName="executor://xunit/VsTestRunner3/netcore/" className="SI360.GateRunner.Tests.DeploymentMetadataValidatorTests" name="Validate_AcceptsCompleteMetadata" />
    </UnitTest>
    <UnitTest name="SI360.GateRunner.Tests.ReportWriterTests.WriteAsync_IncludesDecisionPolicyAndCatalogWarnings" storage="d:\gaterunner\si360.gaterunner.tests\bin\release\net8.0-windows\si360.gaterunner.tests.dll" id="421d3f0a-c796-3398-1fa8-2b592e7d4f44">
      <Execution id="8d4c28f2-f772-4bdd-8978-88c4a1fb20ad" />
      <TestMethod codeBase="D:\GateRunner\SI360.GateRunner.Tests\bin\Release\net8.0-windows\SI360.GateRunner.Tests.dll" adapterTypeName="executor://xunit/VsTestRunner3/netcore/" className="SI360.GateRunner.Tests.ReportWriterTests" name="WriteAsync_IncludesDecisionPolicyAndCatalogWarnings" />
    </UnitTest>
    <UnitTest name="SI360.GateRunner.Tests.ReportRetentionPrunerTests.Prune_DeletesOnlyExpiredGateRunEntries" storage="d:\gaterunner\si360.gaterunner.tests\bin\release\net8.0-windows\si360.gaterunner.tests.dll" id="7a41f742-79a2-96e4-4e20-d599b64304a6">
      <Execution id="a0a77eca-3b87-4131-af09-e5dee34d43c3" />
      <TestMethod codeBase="D:\GateRunner\SI360.GateRunner.Tests\bin\Release\net8.0-windows\SI360.GateRunner.Tests.dll" adapterTypeName="executor://xunit/VsTestRunner3/netcore/" className="SI360.GateRunner.Tests.ReportRetentionPrunerTests" name="Prune_DeletesOnlyExpiredGateRunEntries" />
    </UnitTest>
    <UnitTest name="SI360.GateRunner.Tests.SyntheticProbeRunnerTests.RunAsync_SkipsWhenProbeModeDisabled" storage="d:\gaterunner\si360.gaterunner.tests\bin\release\net8.0-windows\si360.gaterunner.tests.dll" id="65e32a25-058a-279e-02e5-30ebeed7e422">
      <Execution id="1b7453b4-9033-46c5-ab40-3bfda292a003" />
      <TestMethod codeBase="D:\GateRunner\SI360.GateRunner.Tests\bin\Release\net8.0-windows\SI360.GateRunner.Tests.dll" adapterTypeName="executor://xunit/VsTestRunner3/netcore/" className="SI360.GateRunner.Tests.SyntheticProbeRunnerTests" name="RunAsync_SkipsWhenProbeModeDisabled" />
    </UnitTest>
    <UnitTest name="SI360.GateRunner.Tests.ProcessRunnerTests.RunAsync_ReportsTimeout" storage="d:\gaterunner\si360.gaterunner.tests\bin\release\net8.0-windows\si360.gaterunner.tests.dll" id="f75b1d4f-4e9b-9446-b76b-142d7f7137a2">
      <Execution id="876933f1-69b8-4091-bf93-83d2a13e7622" />
      <TestMethod codeBase="D:\GateRunner\SI360.GateRunner.Tests\bin\Release\net8.0-windows\SI360.GateRunner.Tests.dll" adapterTypeName="executor://xunit/VsTestRunner3/netcore/" className="SI360.GateRunner.Tests.ProcessRunnerTests" name="RunAsync_ReportsTimeout" />
    </UnitTest>
    <UnitTest name="SI360.GateRunner.Tests.SecretRedactorTests.Redact_RemovesKnownSecretPatterns(input: &quot;https://example.test/status?token=super-secret-tok&quot;···)" storage="d:\gaterunner\si360.gaterunner.tests\bin\release\net8.0-windows\si360.gaterunner.tests.dll" id="29114be5-55cd-6aa0-9e64-7c18eb5130ca">
      <Execution id="6bfed1a5-1ce1-45cd-a961-f8ffa55d7093" />
      <TestMethod codeBase="D:\GateRunner\SI360.GateRunner.Tests\bin\Release\net8.0-windows\SI360.GateRunner.Tests.dll" adapterTypeName="executor://xunit/VsTestRunner3/netcore/" className="SI360.GateRunner.Tests.SecretRedactorTests" name="Redact_RemovesKnownSecretPatterns" />
    </UnitTest>
    <UnitTest name="SI360.GateRunner.Tests.DecisionPolicyTests.Decide_ReturnsNoGo_WhenBuildErrorsExist" storage="d:\gaterunner\si360.gaterunner.tests\bin\release\net8.0-windows\si360.gaterunner.tests.dll" id="d7dd4c99-154f-8ab6-56e0-8363e63caeb3">
      <Execution id="8715e574-7d88-490f-b3ed-14f4358de915" />
      <TestMethod codeBase="D:\GateRunner\SI360.GateRunner.Tests\bin\Release\net8.0-windows\SI360.GateRunner.Tests.dll" adapterTypeName="executor://xunit/VsTestRunner3/netcore/" className="SI360.GateRunner.Tests.DecisionPolicyTests" name="Decide_ReturnsNoGo_WhenBuildErrorsExist" />
    </UnitTest>
    <UnitTest name="SI360.GateRunner.Tests.SyntheticProbeRunnerTests.RunAsync_ReportsProbeStatusAndRedactsEndpointDiagnostics" storage="d:\gaterunner\si360.gaterunner.tests\bin\release\net8.0-windows\si360.gaterunner.tests.dll" id="aefb7d5f-9507-8f36-af3a-192a4452d88b">
      <Execution id="e32f1ed6-b8e0-4be4-8a46-f12344fef1c3" />
      <TestMethod codeBase="D:\GateRunner\SI360.GateRunner.Tests\bin\Release\net8.0-windows\SI360.GateRunner.Tests.dll" adapterTypeName="executor://xunit/VsTestRunner3/netcore/" className="SI360.GateRunner.Tests.SyntheticProbeRunnerTests" name="RunAsync_ReportsProbeStatusAndRedactsEndpointDiagnostics" />
    </UnitTest>
    <UnitTest name="SI360.GateRunner.Tests.GateCatalogDriftAnalyzerTests.Validate_ReportsCountDriftAndMissingEntries" storage="d:\gaterunner\si360.gaterunner.tests\bin\release\net8.0-windows\si360.gaterunner.tests.dll" id="1b6b7928-b660-48f6-d5c7-ae81f2164e53">
      <Execution id="59d08270-2015-4746-a647-5891da29c9cb" />
      <TestMethod codeBase="D:\GateRunner\SI360.GateRunner.Tests\bin\Release\net8.0-windows\SI360.GateRunner.Tests.dll" adapterTypeName="executor://xunit/VsTestRunner3/netcore/" className="SI360.GateRunner.Tests.GateCatalogDriftAnalyzerTests" name="Validate_ReportsCountDriftAndMissingEntries" />
    </UnitTest>
    <UnitTest name="SI360.GateRunner.Tests.DecisionPolicyTests.Decide_ReturnsHold_WhenRuntimeReadinessIsUnknown" storage="d:\gaterunner\si360.gaterunner.tests\bin\release\net8.0-windows\si360.gaterunner.tests.dll" id="9e57d6eb-82a9-dc35-1243-4147386ed772">
      <Execution id="707b629b-82b6-4529-9bb1-d06edb013712" />
      <TestMethod codeBase="D:\GateRunner\SI360.GateRunner.Tests\bin\Release\net8.0-windows\SI360.GateRunner.Tests.dll" adapterTypeName="executor://xunit/VsTestRunner3/netcore/" className="SI360.GateRunner.Tests.DecisionPolicyTests" name="Decide_ReturnsHold_WhenRuntimeReadinessIsUnknown" />
    </UnitTest>
    <UnitTest name="SI360.GateRunner.Tests.RunnerSettingsTests.Discover_FindsSolutionTestProjectAndResultsDirectoryFromCandidateRoot" storage="d:\gaterunner\si360.gaterunner.tests\bin\release\net8.0-windows\si360.gaterunner.tests.dll" id="3af1a18d-e042-ff91-90ee-7632bc4d2055">
      <Execution id="49a6cba7-d74f-4bef-85f3-ab05ca6a023e" />
      <TestMethod codeBase="D:\GateRunner\SI360.GateRunner.Tests\bin\Release\net8.0-windows\SI360.GateRunner.Tests.dll" adapterTypeName="executor://xunit/VsTestRunner3/netcore/" className="SI360.GateRunner.Tests.RunnerSettingsTests" name="Discover_FindsSolutionTestProjectAndResultsDirectoryFromCandidateRoot" />
    </UnitTest>
    <UnitTest name="SI360.GateRunner.Tests.DecisionPolicyTests.Decide_ReturnsHold_WhenBuildWarningExists" storage="d:\gaterunner\si360.gaterunner.tests\bin\release\net8.0-windows\si360.gaterunner.tests.dll" id="cbbe7d7d-5063-35a5-ac3b-41d2f786657e">
      <Execution id="a55139af-07de-45f0-97d8-94c996b0a216" />
      <TestMethod codeBase="D:\GateRunner\SI360.GateRunner.Tests\bin\Release\net8.0-windows\SI360.GateRunner.Tests.dll" adapterTypeName="executor://xunit/VsTestRunner3/netcore/" className="SI360.GateRunner.Tests.DecisionPolicyTests" name="Decide_ReturnsHold_WhenBuildWarningExists" />
    </UnitTest>
    <UnitTest name="SI360.GateRunner.Tests.DecisionPolicyTests.Decide_ReturnsGo_WhenScoreMeetsThresholdAndAllGatesGreen" storage="d:\gaterunner\si360.gaterunner.tests\bin\release\net8.0-windows\si360.gaterunner.tests.dll" id="ef0c39ad-e05d-4e0f-b601-af34c65519dd">
      <Execution id="d1ef5dd4-f8b5-4b10-998f-c05f35b8dd69" />
      <TestMethod codeBase="D:\GateRunner\SI360.GateRunner.Tests\bin\Release\net8.0-windows\SI360.GateRunner.Tests.dll" adapterTypeName="executor://xunit/VsTestRunner3/netcore/" className="SI360.GateRunner.Tests.DecisionPolicyTests" name="Decide_ReturnsGo_WhenScoreMeetsThresholdAndAllGatesGreen" />
    </UnitTest>
    <UnitTest name="SI360.GateRunner.Tests.DeploymentMetadataValidatorTests.Validate_ReportsMalformedEndpointsAndIds" storage="d:\gaterunner\si360.gaterunner.tests\bin\release\net8.0-windows\si360.gaterunner.tests.dll" id="e17fca42-437a-68d1-0840-f851d75d6b14">
      <Execution id="eae56d57-faad-43b4-8960-f572f9158340" />
      <TestMethod codeBase="D:\GateRunner\SI360.GateRunner.Tests\bin\Release\net8.0-windows\SI360.GateRunner.Tests.dll" adapterTypeName="executor://xunit/VsTestRunner3/netcore/" className="SI360.GateRunner.Tests.DeploymentMetadataValidatorTests" name="Validate_ReportsMalformedEndpointsAndIds" />
    </UnitTest>
    <UnitTest name="SI360.GateRunner.Tests.GateCatalogDriftAnalyzerTests.DiscoverFromDirectory_FindsGateClassesAndCountsFactsAndTheories" storage="d:\gaterunner\si360.gaterunner.tests\bin\release\net8.0-windows\si360.gaterunner.tests.dll" id="8f1b24f5-0753-b595-10ac-0efcdcd844e4">
      <Execution id="a21834a4-18d1-4c44-aeb0-639e138afe11" />
      <TestMethod codeBase="D:\GateRunner\SI360.GateRunner.Tests\bin\Release\net8.0-windows\SI360.GateRunner.Tests.dll" adapterTypeName="executor://xunit/VsTestRunner3/netcore/" className="SI360.GateRunner.Tests.GateCatalogDriftAnalyzerTests" name="DiscoverFromDirectory_FindsGateClassesAndCountsFactsAndTheories" />
    </UnitTest>
    <UnitTest name="SI360.GateRunner.Tests.DecisionPolicyTests.Decide_ReturnsNoGo_WhenAnyGateIsRed" storage="d:\gaterunner\si360.gaterunner.tests\bin\release\net8.0-windows\si360.gaterunner.tests.dll" id="e00f6021-d598-de18-aede-4c9968af10d1">
      <Execution id="5792cd35-cfa5-4d92-b4ef-bea49b76a759" />
      <TestMethod codeBase="D:\GateRunner\SI360.GateRunner.Tests\bin\Release\net8.0-windows\SI360.GateRunner.Tests.dll" adapterTypeName="executor://xunit/VsTestRunner3/netcore/" className="SI360.GateRunner.Tests.DecisionPolicyTests" name="Decide_ReturnsNoGo_WhenAnyGateIsRed" />
    </UnitTest>
    <UnitTest name="SI360.GateRunner.Tests.SecretRedactorTests.Redact_RemovesKnownSecretPatterns(input: &quot;api_key=super-secret-token&quot;)" storage="d:\gaterunner\si360.gaterunner.tests\bin\release\net8.0-windows\si360.gaterunner.tests.dll" id="3eced5d3-c4d0-10c3-4c77-64ca197d1417">
      <Execution id="47d4d1fa-58a5-4071-ad73-6ad150b8296d" />
      <TestMethod codeBase="D:\GateRunner\SI360.GateRunner.Tests\bin\Release\net8.0-windows\SI360.GateRunner.Tests.dll" adapterTypeName="executor://xunit/VsTestRunner3/netcore/" className="SI360.GateRunner.Tests.SecretRedactorTests" name="Redact_RemovesKnownSecretPatterns" />
    </UnitTest>
    <UnitTest name="SI360.GateRunner.Tests.DecisionPolicyTests.Decide_ReturnsHold_WhenAllGatesGreenButScoreIsBelowGoThreshold" storage="d:\gaterunner\si360.gaterunner.tests\bin\release\net8.0-windows\si360.gaterunner.tests.dll" id="a9c81db0-9e6e-7165-c525-3e83dc3a9d57">
      <Execution id="297236fc-da2c-4d34-8d3c-31816031bf32" />
      <TestMethod codeBase="D:\GateRunner\SI360.GateRunner.Tests\bin\Release\net8.0-windows\SI360.GateRunner.Tests.dll" adapterTypeName="executor://xunit/VsTestRunner3/netcore/" className="SI360.GateRunner.Tests.DecisionPolicyTests" name="Decide_ReturnsHold_WhenAllGatesGreenButScoreIsBelowGoThreshold" />
    </UnitTest>
    <UnitTest name="SI360.GateRunner.Tests.RunnerSettingsTests.Validate_ReturnsActionableErrorsForInvalidConfiguration" storage="d:\gaterunner\si360.gaterunner.tests\bin\release\net8.0-windows\si360.gaterunner.tests.dll" id="466bb025-5f29-c51c-5a36-4e140a2ce2cc">
      <Execution id="f8bfe213-7f07-4841-86c6-6d7579399f05" />
      <TestMethod codeBase="D:\GateRunner\SI360.GateRunner.Tests\bin\Release\net8.0-windows\SI360.GateRunner.Tests.dll" adapterTypeName="executor://xunit/VsTestRunner3/netcore/" className="SI360.GateRunner.Tests.RunnerSettingsTests" name="Validate_ReturnsActionableErrorsForInvalidConfiguration" />
    </UnitTest>
    <UnitTest name="SI360.GateRunner.Tests.TrxResultParserTests.Parse_ReadsFailedTestDetailsFromTrx" storage="d:\gaterunner\si360.gaterunner.tests\bin\release\net8.0-windows\si360.gaterunner.tests.dll" id="28901983-af4e-1a8b-9905-8626dcfb5c69">
      <Execution id="0d1896c9-ae50-4b55-90c3-a7e37adf9f85" />
      <TestMethod codeBase="D:\GateRunner\SI360.GateRunner.Tests\bin\Release\net8.0-windows\SI360.GateRunner.Tests.dll" adapterTypeName="executor://xunit/VsTestRunner3/netcore/" className="SI360.GateRunner.Tests.TrxResultParserTests" name="Parse_ReadsFailedTestDetailsFromTrx" />
    </UnitTest>
    <UnitTest name="SI360.GateRunner.Tests.RunnerSettingsTests.ApplyEnvironmentVariables_OverridesNewConfigurationFields" storage="d:\gaterunner\si360.gaterunner.tests\bin\release\net8.0-windows\si360.gaterunner.tests.dll" id="c1426626-f98b-4838-49b5-97cd2f2ae64d">
      <Execution id="02c8508c-6671-4993-ba68-93243644488e" />
      <TestMethod codeBase="D:\GateRunner\SI360.GateRunner.Tests\bin\Release\net8.0-windows\SI360.GateRunner.Tests.dll" adapterTypeName="executor://xunit/VsTestRunner3/netcore/" className="SI360.GateRunner.Tests.RunnerSettingsTests" name="ApplyEnvironmentVariables_OverridesNewConfigurationFields" />
    </UnitTest>
    <UnitTest name="SI360.GateRunner.Tests.SyntheticProbeRunnerTests.RunAsync_SkipsWhenMetadataInvalid" storage="d:\gaterunner\si360.gaterunner.tests\bin\release\net8.0-windows\si360.gaterunner.tests.dll" id="701eb8fd-0932-a6c0-aadb-5097e702b514">
      <Execution id="45c6bbe5-8bbb-4c44-95c1-bc264777e806" />
      <TestMethod codeBase="D:\GateRunner\SI360.GateRunner.Tests\bin\Release\net8.0-windows\SI360.GateRunner.Tests.dll" adapterTypeName="executor://xunit/VsTestRunner3/netcore/" className="SI360.GateRunner.Tests.SyntheticProbeRunnerTests" name="RunAsync_SkipsWhenMetadataInvalid" />
    </UnitTest>
    <UnitTest name="SI360.GateRunner.Tests.SecretRedactorTests.Redact_RemovesKnownSecretPatterns(input: &quot;Server=db;Password=super-secret-token;Database=SI3&quot;···)" storage="d:\gaterunner\si360.gaterunner.tests\bin\release\net8.0-windows\si360.gaterunner.tests.dll" id="25cf303c-61f7-2226-36d2-65731f09ebd4">
      <Execution id="197037a5-933e-4e03-a99a-e90c59ebfc5e" />
      <TestMethod codeBase="D:\GateRunner\SI360.GateRunner.Tests\bin\Release\net8.0-windows\SI360.GateRunner.Tests.dll" adapterTypeName="executor://xunit/VsTestRunner3/netcore/" className="SI360.GateRunner.Tests.SecretRedactorTests" name="Redact_RemovesKnownSecretPatterns" />
    </UnitTest>
    <UnitTest name="SI360.GateRunner.Tests.ReportWriterTests.WriteAsync_IncludesQualityIssuesAndGradingImpacts" storage="d:\gaterunner\si360.gaterunner.tests\bin\release\net8.0-windows\si360.gaterunner.tests.dll" id="63acd814-0e94-b4cc-5bb0-4081f5c634fb">
      <Execution id="e88d55fe-fcc4-477a-8976-eb01b5ffe823" />
      <TestMethod codeBase="D:\GateRunner\SI360.GateRunner.Tests\bin\Release\net8.0-windows\SI360.GateRunner.Tests.dll" adapterTypeName="executor://xunit/VsTestRunner3/netcore/" className="SI360.GateRunner.Tests.ReportWriterTests" name="WriteAsync_IncludesQualityIssuesAndGradingImpacts" />
    </UnitTest>
    <UnitTest name="SI360.GateRunner.Tests.DeploymentMetadataValidatorTests.Validate_ReportsMissingRequiredFields" storage="d:\gaterunner\si360.gaterunner.tests\bin\release\net8.0-windows\si360.gaterunner.tests.dll" id="1db434c8-2f2a-9853-7f17-6b29859693db">
      <Execution id="a166d558-f3b2-4fa6-b37d-52ba134a60b0" />
      <TestMethod codeBase="D:\GateRunner\SI360.GateRunner.Tests\bin\Release\net8.0-windows\SI360.GateRunner.Tests.dll" adapterTypeName="executor://xunit/VsTestRunner3/netcore/" className="SI360.GateRunner.Tests.DeploymentMetadataValidatorTests" name="Validate_ReportsMissingRequiredFields" />
    </UnitTest>
    <UnitTest name="SI360.GateRunner.Tests.DecisionPolicyTests.Decide_ReturnsHold_WhenCatalogWarningsExist" storage="d:\gaterunner\si360.gaterunner.tests\bin\release\net8.0-windows\si360.gaterunner.tests.dll" id="b99200d7-4624-dab8-0f77-52d1da46246f">
      <Execution id="9a1165b8-82c3-4128-ad7b-7ab83ee9654f" />
      <TestMethod codeBase="D:\GateRunner\SI360.GateRunner.Tests\bin\Release\net8.0-windows\SI360.GateRunner.Tests.dll" adapterTypeName="executor://xunit/VsTestRunner3/netcore/" className="SI360.GateRunner.Tests.DecisionPolicyTests" name="Decide_ReturnsHold_WhenCatalogWarningsExist" />
    </UnitTest>
    <UnitTest name="SI360.GateRunner.Tests.SecretRedactorTests.ProcessRunner_RedactsLiveLogsAndArtifacts" storage="d:\gaterunner\si360.gaterunner.tests\bin\release\net8.0-windows\si360.gaterunner.tests.dll" id="e5bcac40-2237-0d4e-c066-3acbc12fd55e">
      <Execution id="ddf773b0-9736-445d-880e-9d3f23314f08" />
      <TestMethod codeBase="D:\GateRunner\SI360.GateRunner.Tests\bin\Release\net8.0-windows\SI360.GateRunner.Tests.dll" adapterTypeName="executor://xunit/VsTestRunner3/netcore/" className="SI360.GateRunner.Tests.SecretRedactorTests" name="ProcessRunner_RedactsLiveLogsAndArtifacts" />
    </UnitTest>
    <UnitTest name="SI360.GateRunner.Tests.ReportWriterTests.WriteAsync_IncludesRuntimeReadinessMetadataAndProbes" storage="d:\gaterunner\si360.gaterunner.tests\bin\release\net8.0-windows\si360.gaterunner.tests.dll" id="94da6005-2a68-71ff-fd76-cc8a31df085f">
      <Execution id="0b33ba6b-6dcd-4966-8e4c-f0f140a0c747" />
      <TestMethod codeBase="D:\GateRunner\SI360.GateRunner.Tests\bin\Release\net8.0-windows\SI360.GateRunner.Tests.dll" adapterTypeName="executor://xunit/VsTestRunner3/netcore/" className="SI360.GateRunner.Tests.ReportWriterTests" name="WriteAsync_IncludesRuntimeReadinessMetadataAndProbes" />
    </UnitTest>
    <UnitTest name="SI360.GateRunner.Tests.ProcessRunnerTests.RunAsync_WritesArtifactsForCompletedProcess" storage="d:\gaterunner\si360.gaterunner.tests\bin\release\net8.0-windows\si360.gaterunner.tests.dll" id="a69cfc93-9ed5-bed5-5e18-045cad126d18">
      <Execution id="b6ca9131-be80-4baa-a7ee-e4418db281f9" />
      <TestMethod codeBase="D:\GateRunner\SI360.GateRunner.Tests\bin\Release\net8.0-windows\SI360.GateRunner.Tests.dll" adapterTypeName="executor://xunit/VsTestRunner3/netcore/" className="SI360.GateRunner.Tests.ProcessRunnerTests" name="RunAsync_WritesArtifactsForCompletedProcess" />
    </UnitTest>
    <UnitTest name="SI360.GateRunner.Tests.ReportWriterTests.WriteAsync_RedactsSecretsFromMarkdownAndJson" storage="d:\gaterunner\si360.gaterunner.tests\bin\release\net8.0-windows\si360.gaterunner.tests.dll" id="1e09913d-1be4-ea6f-4da3-bb82404330a6">
      <Execution id="c26fb91c-be14-44e8-9497-cb5c99a0b5e2" />
      <TestMethod codeBase="D:\GateRunner\SI360.GateRunner.Tests\bin\Release\net8.0-windows\SI360.GateRunner.Tests.dll" adapterTypeName="executor://xunit/VsTestRunner3/netcore/" className="SI360.GateRunner.Tests.ReportWriterTests" name="WriteAsync_RedactsSecretsFromMarkdownAndJson" />
    </UnitTest>
    <UnitTest name="SI360.GateRunner.Tests.DeploymentMetadataValidatorTests.Validate_RejectsSecretValuesAndSecretLikeFields" storage="d:\gaterunner\si360.gaterunner.tests\bin\release\net8.0-windows\si360.gaterunner.tests.dll" id="b770f71d-0d0a-bca3-46f0-1672ace75254">
      <Execution id="2998869d-a331-4d66-acaa-588af447a177" />
      <TestMethod codeBase="D:\GateRunner\SI360.GateRunner.Tests\bin\Release\net8.0-windows\SI360.GateRunner.Tests.dll" adapterTypeName="executor://xunit/VsTestRunner3/netcore/" className="SI360.GateRunner.Tests.DeploymentMetadataValidatorTests" name="Validate_RejectsSecretValuesAndSecretLikeFields" />
    </UnitTest>
    <UnitTest name="SI360.GateRunner.Tests.DeploymentMetadataValidatorTests.LoadAndValidate_ReadsMetadataFile" storage="d:\gaterunner\si360.gaterunner.tests\bin\release\net8.0-windows\si360.gaterunner.tests.dll" id="002d2d59-9e33-8304-f7f9-c80766298b80">
      <Execution id="ff058c51-2af9-4170-9c42-24523d9bb406" />
      <TestMethod codeBase="D:\GateRunner\SI360.GateRunner.Tests\bin\Release\net8.0-windows\SI360.GateRunner.Tests.dll" adapterTypeName="executor://xunit/VsTestRunner3/netcore/" className="SI360.GateRunner.Tests.DeploymentMetadataValidatorTests" name="LoadAndValidate_ReadsMetadataFile" />
    </UnitTest>
    <UnitTest name="SI360.GateRunner.Tests.DecisionPolicyTests.Decide_ReturnsHold_WhenScorePassesButAnyGateIsYellow" storage="d:\gaterunner\si360.gaterunner.tests\bin\release\net8.0-windows\si360.gaterunner.tests.dll" id="bd5ad49f-a308-db5a-14b2-50eb08819930">
      <Execution id="51c706cf-386b-44e1-86d0-f50f00a8ed6d" />
      <TestMethod codeBase="D:\GateRunner\SI360.GateRunner.Tests\bin\Release\net8.0-windows\SI360.GateRunner.Tests.dll" adapterTypeName="executor://xunit/VsTestRunner3/netcore/" className="SI360.GateRunner.Tests.DecisionPolicyTests" name="Decide_ReturnsHold_WhenScorePassesButAnyGateIsYellow" />
    </UnitTest>
    <UnitTest name="SI360.GateRunner.Tests.GateRunnerCommandsTests.BuildAsync_BuildsSolutionWithoutRestore" storage="d:\gaterunner\si360.gaterunner.tests\bin\release\net8.0-windows\si360.gaterunner.tests.dll" id="a4c8932d-78f7-1711-ee84-337770195869">
      <Execution id="3451a191-56b2-4c35-986a-8c9764e8dda9" />
      <TestMethod codeBase="D:\GateRunner\SI360.GateRunner.Tests\bin\Release\net8.0-windows\SI360.GateRunner.Tests.dll" adapterTypeName="executor://xunit/VsTestRunner3/netcore/" className="SI360.GateRunner.Tests.GateRunnerCommandsTests" name="BuildAsync_BuildsSolutionWithoutRestore" />
    </UnitTest>
    <UnitTest name="SI360.GateRunner.Tests.GateRunnerCommandsTests.Snapshot_MatchesCommandFactoryOutput" storage="d:\gaterunner\si360.gaterunner.tests\bin\release\net8.0-windows\si360.gaterunner.tests.dll" id="86a806c3-008c-3494-158c-33d60ef62ffc">
      <Execution id="87c63020-2c0a-447b-9224-159bc2659fc1" />
      <TestMethod codeBase="D:\GateRunner\SI360.GateRunner.Tests\bin\Release\net8.0-windows\SI360.GateRunner.Tests.dll" adapterTypeName="executor://xunit/VsTestRunner3/netcore/" className="SI360.GateRunner.Tests.GateRunnerCommandsTests" name="Snapshot_MatchesCommandFactoryOutput" />
    </UnitTest>
  </TestDefinitions>
  <TestEntries>
    <TestEntry testId="7ff8e1e4-de77-331f-5ef6-5c1ae0a069cd" executionId="cb782a23-b898-4b6d-bff1-be96589f7492" testListId="8c84fa94-04c1-424b-9868-57a2d4851a1d" />
    <TestEntry testId="f115d62a-bf7f-b4ad-9271-495c2d158814" executionId="32fe1f59-36a4-4f5c-86cb-a86a8d819878" testListId="8c84fa94-04c1-424b-9868-57a2d4851a1d" />
    <TestEntry testId="94da6005-2a68-71ff-fd76-cc8a31df085f" executionId="0b33ba6b-6dcd-4966-8e4c-f0f140a0c747" testListId="8c84fa94-04c1-424b-9868-57a2d4851a1d" />
    <TestEntry testId="1e09913d-1be4-ea6f-4da3-bb82404330a6" executionId="c26fb91c-be14-44e8-9497-cb5c99a0b5e2" testListId="8c84fa94-04c1-424b-9868-57a2d4851a1d" />
    <TestEntry testId="4b5ceb6d-89c0-a7f5-da1f-76566e0d3abd" executionId="2774d85f-de96-4475-b474-50ef14565608" testListId="8c84fa94-04c1-424b-9868-57a2d4851a1d" />
    <TestEntry testId="63acd814-0e94-b4cc-5bb0-4081f5c634fb" executionId="e88d55fe-fcc4-477a-8976-eb01b5ffe823" testListId="8c84fa94-04c1-424b-9868-57a2d4851a1d" />
    <TestEntry testId="c1426626-f98b-4838-49b5-97cd2f2ae64d" executionId="02c8508c-6671-4993-ba68-93243644488e" testListId="8c84fa94-04c1-424b-9868-57a2d4851a1d" />
    <TestEntry testId="29114be5-55cd-6aa0-9e64-7c18eb5130ca" executionId="6bfed1a5-1ce1-45cd-a961-f8ffa55d7093" testListId="8c84fa94-04c1-424b-9868-57a2d4851a1d" />
    <TestEntry testId="a4c8932d-78f7-1711-ee84-337770195869" executionId="3451a191-56b2-4c35-986a-8c9764e8dda9" testListId="8c84fa94-04c1-424b-9868-57a2d4851a1d" />
    <TestEntry testId="ef0c39ad-e05d-4e0f-b601-af34c65519dd" executionId="d1ef5dd4-f8b5-4b10-998f-c05f35b8dd69" testListId="8c84fa94-04c1-424b-9868-57a2d4851a1d" />
    <TestEntry testId="002d2d59-9e33-8304-f7f9-c80766298b80" executionId="ff058c51-2af9-4170-9c42-24523d9bb406" testListId="8c84fa94-04c1-424b-9868-57a2d4851a1d" />
    <TestEntry testId="8f1b24f5-0753-b595-10ac-0efcdcd844e4" executionId="a21834a4-18d1-4c44-aeb0-639e138afe11" testListId="8c84fa94-04c1-424b-9868-57a2d4851a1d" />
    <TestEntry testId="aefb7d5f-9507-8f36-af3a-192a4452d88b" executionId="e32f1ed6-b8e0-4be4-8a46-f12344fef1c3" testListId="8c84fa94-04c1-424b-9868-57a2d4851a1d" />
    <TestEntry testId="28901983-af4e-1a8b-9905-8626dcfb5c69" executionId="0d1896c9-ae50-4b55-90c3-a7e37adf9f85" testListId="8c84fa94-04c1-424b-9868-57a2d4851a1d" />
    <TestEntry testId="e00f6021-d598-de18-aede-4c9968af10d1" executionId="5792cd35-cfa5-4d92-b4ef-bea49b76a759" testListId="8c84fa94-04c1-424b-9868-57a2d4851a1d" />
    <TestEntry testId="bd5ad49f-a308-db5a-14b2-50eb08819930" executionId="51c706cf-386b-44e1-86d0-f50f00a8ed6d" testListId="8c84fa94-04c1-424b-9868-57a2d4851a1d" />
    <TestEntry testId="e5bcac40-2237-0d4e-c066-3acbc12fd55e" executionId="ddf773b0-9736-445d-880e-9d3f23314f08" testListId="8c84fa94-04c1-424b-9868-57a2d4851a1d" />
    <TestEntry testId="b770f71d-0d0a-bca3-46f0-1672ace75254" executionId="2998869d-a331-4d66-acaa-588af447a177" testListId="8c84fa94-04c1-424b-9868-57a2d4851a1d" />
    <TestEntry testId="a69cfc93-9ed5-bed5-5e18-045cad126d18" executionId="b6ca9131-be80-4baa-a7ee-e4418db281f9" testListId="8c84fa94-04c1-424b-9868-57a2d4851a1d" />
    <TestEntry testId="a9c81db0-9e6e-7165-c525-3e83dc3a9d57" executionId="297236fc-da2c-4d34-8d3c-31816031bf32" testListId="8c84fa94-04c1-424b-9868-57a2d4851a1d" />
    <TestEntry testId="7a41f742-79a2-96e4-4e20-d599b64304a6" executionId="a0a77eca-3b87-4131-af09-e5dee34d43c3" testListId="8c84fa94-04c1-424b-9868-57a2d4851a1d" />
    <TestEntry testId="466bb025-5f29-c51c-5a36-4e140a2ce2cc" executionId="f8bfe213-7f07-4841-86c6-6d7579399f05" testListId="8c84fa94-04c1-424b-9868-57a2d4851a1d" />
    <TestEntry testId="f27e3ab1-0bbe-4813-716c-f16b8f2b553d" executionId="258a4510-9f9e-442a-85fc-b8d89a523ffe" testListId="8c84fa94-04c1-424b-9868-57a2d4851a1d" />
    <TestEntry testId="86a806c3-008c-3494-158c-33d60ef62ffc" executionId="87c63020-2c0a-447b-9224-159bc2659fc1" testListId="8c84fa94-04c1-424b-9868-57a2d4851a1d" />
    <TestEntry testId="3af1a18d-e042-ff91-90ee-7632bc4d2055" executionId="49a6cba7-d74f-4bef-85f3-ab05ca6a023e" testListId="8c84fa94-04c1-424b-9868-57a2d4851a1d" />
    <TestEntry testId="f75b1d4f-4e9b-9446-b76b-142d7f7137a2" executionId="876933f1-69b8-4091-bf93-83d2a13e7622" testListId="8c84fa94-04c1-424b-9868-57a2d4851a1d" />
    <TestEntry testId="e17fca42-437a-68d1-0840-f851d75d6b14" executionId="eae56d57-faad-43b4-8960-f572f9158340" testListId="8c84fa94-04c1-424b-9868-57a2d4851a1d" />
    <TestEntry testId="1b6b7928-b660-48f6-d5c7-ae81f2164e53" executionId="59d08270-2015-4746-a647-5891da29c9cb" testListId="8c84fa94-04c1-424b-9868-57a2d4851a1d" />
    <TestEntry testId="9e57d6eb-82a9-dc35-1243-4147386ed772" executionId="707b629b-82b6-4529-9bb1-d06edb013712" testListId="8c84fa94-04c1-424b-9868-57a2d4851a1d" />
    <TestEntry testId="bb197bcb-a685-15af-e079-6135eebd9628" executionId="45ea9a4b-26cb-4863-875a-12588ce13f0f" testListId="8c84fa94-04c1-424b-9868-57a2d4851a1d" />
    <TestEntry testId="b29d39a7-da59-f918-7964-800b7b5188f1" executionId="3e60568e-060e-4753-af40-548ea04193c2" testListId="8c84fa94-04c1-424b-9868-57a2d4851a1d" />
    <TestEntry testId="cbbe7d7d-5063-35a5-ac3b-41d2f786657e" executionId="a55139af-07de-45f0-97d8-94c996b0a216" testListId="8c84fa94-04c1-424b-9868-57a2d4851a1d" />
    <TestEntry testId="a2bfa92d-2574-ce2e-6b44-8feb6afef1af" executionId="6ae17f02-5be5-46a1-94dc-c9d21e52dc7b" testListId="8c84fa94-04c1-424b-9868-57a2d4851a1d" />
    <TestEntry testId="3eced5d3-c4d0-10c3-4c77-64ca197d1417" executionId="47d4d1fa-58a5-4071-ad73-6ad150b8296d" testListId="8c84fa94-04c1-424b-9868-57a2d4851a1d" />
    <TestEntry testId="25cf303c-61f7-2226-36d2-65731f09ebd4" executionId="197037a5-933e-4e03-a99a-e90c59ebfc5e" testListId="8c84fa94-04c1-424b-9868-57a2d4851a1d" />
    <TestEntry testId="b99200d7-4624-dab8-0f77-52d1da46246f" executionId="9a1165b8-82c3-4128-ad7b-7ab83ee9654f" testListId="8c84fa94-04c1-424b-9868-57a2d4851a1d" />
    <TestEntry testId="701eb8fd-0932-a6c0-aadb-5097e702b514" executionId="45c6bbe5-8bbb-4c44-95c1-bc264777e806" testListId="8c84fa94-04c1-424b-9868-57a2d4851a1d" />
    <TestEntry testId="421d3f0a-c796-3398-1fa8-2b592e7d4f44" executionId="8d4c28f2-f772-4bdd-8978-88c4a1fb20ad" testListId="8c84fa94-04c1-424b-9868-57a2d4851a1d" />
    <TestEntry testId="d7dd4c99-154f-8ab6-56e0-8363e63caeb3" executionId="8715e574-7d88-490f-b3ed-14f4358de915" testListId="8c84fa94-04c1-424b-9868-57a2d4851a1d" />
    <TestEntry testId="65e32a25-058a-279e-02e5-30ebeed7e422" executionId="1b7453b4-9033-46c5-ab40-3bfda292a003" testListId="8c84fa94-04c1-424b-9868-57a2d4851a1d" />
    <TestEntry testId="1db434c8-2f2a-9853-7f17-6b29859693db" executionId="a166d558-f3b2-4fa6-b37d-52ba134a60b0" testListId="8c84fa94-04c1-424b-9868-57a2d4851a1d" />
  </TestEntries>
  <TestLists>
    <TestList name="Results Not in a List" id="8c84fa94-04c1-424b-9868-57a2d4851a1d" />
    <TestList name="All Loaded Results" id="19431567-8539-422a-85d7-44ee4e166bda" />
  </TestLists>
  <ResultSummary outcome="Completed">
    <Counters total="41" executed="41" passed="41" failed="0" error="0" timeout="0" aborted="0" inconclusive="0" passedButRunAborted="0" notRunnable="0" notExecuted="0" disconnected="0" warning="0" completed="0" inProgress="0" pending="0" />
    <Output>
      <StdOut>[xUnit.net 00:00:00.00] xUnit.net VSTest Adapter v3.1.5+1b188a7b0a (32-bit .NET 8.0.25)&#xD;
[xUnit.net 00:00:00.86]   Discovering: SI360.GateRunner.Tests&#xD;
[xUnit.net 00:00:01.09]   Discovered:  SI360.GateRunner.Tests&#xD;
[xUnit.net 00:00:01.21]   Starting:    SI360.GateRunner.Tests&#xD;
[xUnit.net 00:00:02.69]   Finished:    SI360.GateRunner.Tests&#xD;
</StdOut>
    </Output>
  </ResultSummary>
</TestRun>